Component: Arm Compiler for Embedded 6.19 Tool: armlink [5e73cb00]

==============================================================================

Section Cross References

    startup_stm32f103xb.o(STACK) refers (Special) to heapauxi.o(.text) for __use_two_region_memory
    startup_stm32f103xb.o(HEAP) refers (Special) to heapauxi.o(.text) for __use_two_region_memory
    startup_stm32f103xb.o(RESET) refers (Special) to heapauxi.o(.text) for __use_two_region_memory
    startup_stm32f103xb.o(RESET) refers to startup_stm32f103xb.o(STACK) for __initial_sp
    startup_stm32f103xb.o(RESET) refers to startup_stm32f103xb.o(.text) for Reset_Handler
    startup_stm32f103xb.o(RESET) refers to stm32f1xx_it.o(.text.NMI_Handler) for NMI_Handler
    startup_stm32f103xb.o(RESET) refers to stm32f1xx_it.o(.text.HardFault_Handler) for HardFault_Handler
    startup_stm32f103xb.o(RESET) refers to stm32f1xx_it.o(.text.MemManage_Handler) for MemManage_Handler
    startup_stm32f103xb.o(RESET) refers to stm32f1xx_it.o(.text.BusFault_Handler) for BusFault_Handler
    startup_stm32f103xb.o(RESET) refers to stm32f1xx_it.o(.text.UsageFault_Handler) for UsageFault_Handler
    startup_stm32f103xb.o(RESET) refers to stm32f1xx_it.o(.text.SVC_Handler) for SVC_Handler
    startup_stm32f103xb.o(RESET) refers to stm32f1xx_it.o(.text.DebugMon_Handler) for DebugMon_Handler
    startup_stm32f103xb.o(RESET) refers to stm32f1xx_it.o(.text.PendSV_Handler) for PendSV_Handler
    startup_stm32f103xb.o(RESET) refers to stm32f1xx_it.o(.text.SysTick_Handler) for SysTick_Handler
    startup_stm32f103xb.o(RESET) refers to stm32f1xx_it.o(.text.USART1_IRQHandler) for USART1_IRQHandler
    startup_stm32f103xb.o(.text) refers (Special) to heapauxi.o(.text) for __use_two_region_memory
    startup_stm32f103xb.o(.text) refers to system_stm32f1xx.o(.text.SystemInit) for SystemInit
    startup_stm32f103xb.o(.text) refers to __main.o(!!!main) for __main
    startup_stm32f103xb.o(.text) refers to startup_stm32f103xb.o(HEAP) for Heap_Mem
    startup_stm32f103xb.o(.text) refers to startup_stm32f103xb.o(STACK) for Stack_Mem
    at_user.o(.text._at_user_sdev_print) refers to strlen.o(.text) for strlen
    at_user.o(.text._at_user_sdev_print) refers to usart.o(.bss..L_MergedGlobals) for huart1
    at_user.o(.text._at_user_sdev_print) refers to stm32f1xx_hal_uart.o(.text.HAL_UART_Transmit) for HAL_UART_Transmit
    at_user.o(.ARM.exidx.text._at_user_sdev_print) refers to at_user.o(.text._at_user_sdev_print) for [Anonymous Symbol]
    at_user.o(.text._at_user_sdev_available) refers to usart.o(.text.Get_UART1_Rx_Len) for Get_UART1_Rx_Len
    at_user.o(.ARM.exidx.text._at_user_sdev_available) refers to at_user.o(.text._at_user_sdev_available) for [Anonymous Symbol]
    at_user.o(.text._at_user_sdev_read) refers to usart.o(.text.Read_UART1_Rx) for Read_UART1_Rx
    at_user.o(.ARM.exidx.text._at_user_sdev_read) refers to at_user.o(.text._at_user_sdev_read) for [Anonymous Symbol]
    at_user.o(.text.at_user_init) refers to at_user.o(.bss..L_MergedGlobals) for .L_MergedGlobals
    at_user.o(.text.at_user_init) refers to at_user.o(.text._at_user_sdev_read) for _at_user_sdev_read
    at_user.o(.text.at_user_init) refers to at_user.o(.text._at_user_sdev_print) for _at_user_sdev_print
    at_user.o(.text.at_user_init) refers to at_user.o(.text._at_user_sdev_available) for _at_user_sdev_available
    at_user.o(.text.at_user_init) refers to at_stream_device.o(.text.Stream_Init) for Stream_Init
    at_user.o(.text.at_user_init) refers to at_user.o(.bss.at_user_readString) for at_user_readString
    at_user.o(.text.at_user_init) refers to at_user.o(.data._atTable) for _atTable
    at_user.o(.text.at_user_init) refers to at.o(.text.At_Init) for At_Init
    at_user.o(.ARM.exidx.text.at_user_init) refers to at_user.o(.text.at_user_init) for [Anonymous Symbol]
    at_user.o(.text._at_user_AT) refers to at_user.o(.bss..L_MergedGlobals) for .L_MergedGlobals
    at_user.o(.text._at_user_AT) refers to at_user.o(.rodata.str1.1) for .L.str.3
    at_user.o(.ARM.exidx.text._at_user_AT) refers to at_user.o(.text._at_user_AT) for [Anonymous Symbol]
    at_user.o(.text._at_user_AT_List) refers to at_user.o(.bss..L_MergedGlobals) for .L_MergedGlobals
    at_user.o(.text._at_user_AT_List) refers to at_user.o(.rodata.str1.1) for .L.str.3
    at_user.o(.ARM.exidx.text._at_user_AT_List) refers to at_user.o(.text._at_user_AT_List) for [Anonymous Symbol]
    at_user.o(.data._atTable) refers to at_user.o(.rodata.str1.1) for [Anonymous Symbol]
    at_user.o(.data._atTable) refers to at_user.o(.text._at_user_AT) for _at_user_AT
    at_user.o(.data._atTable) refers to at_user.o(.text._at_user_AT_List) for _at_user_AT_List
    main.o(.text.main) refers to stm32f1xx_hal.o(.text.HAL_Init) for HAL_Init
    main.o(.text.main) refers to stm32f1xx_hal_rcc.o(.text.HAL_RCC_OscConfig) for HAL_RCC_OscConfig
    main.o(.text.main) refers to stm32f1xx_hal_rcc.o(.text.HAL_RCC_ClockConfig) for HAL_RCC_ClockConfig
[...]
    .ARM.Collect$$rtexit$$00000003           0x08000226   Section        4  rtexit2.o(.ARM.Collect$$rtexit$$00000003)
    .ARM.Collect$$rtexit$$00000004           0x0800022a   Section        6  rtexit2.o(.ARM.Collect$$rtexit$$00000004)
    .text                                    0x08000230   Section       64  startup_stm32f103xb.o(.text)
    .text                                    0x08000270   Section        0  h1_alloc.o(.text)
    .text                                    0x080002ce   Section        0  h1_free.o(.text)
    .text                                    0x0800031c   Section        0  _vsnprintf.o(.text)
    .text                                    0x08000358   Section        0  puts.o(.text)
    .text                                    0x08000384   Section        0  strtok.o(.text)
    .text                                    0x08000390   Section        0  memcmp.o(.text)
    .text                                    0x080003e8   Section        0  strlen.o(.text)
    .text                                    0x08000426   Section      138  rt_memcpy_v6.o(.text)
    .text                                    0x080004b0   Section       16  aeabi_memset.o(.text)
    .text                                    0x080004c0   Section       78  rt_memclr_w.o(.text)
    .text                                    0x0800050e   Section        0  heapauxi.o(.text)
    .text                                    0x08000514   Section        8  rt_heap_descriptor_intlibspace.o(.text)
    .text                                    0x0800051c   Section        0  hguard.o(.text)
    .text                                    0x08000520   Section        0  init_alloc.o(.text)
    .text                                    0x080005aa   Section        0  h1_init.o(.text)
    .text                                    0x080005b8   Section        0  _printf_pad.o(.text)
    .text                                    0x08000606   Section        0  _printf_truncate.o(.text)
    .text                                    0x0800062a   Section        0  _printf_str.o(.text)
    .text                                    0x0800067c   Section        0  _printf_dec.o(.text)
    .text                                    0x080006f4   Section        0  _printf_charcount.o(.text)
    _printf_input_char                       0x0800071d   Thumb Code    10  _printf_char_common.o(.text)
    .text                                    0x0800071c   Section        0  _printf_char_common.o(.text)
    .text                                    0x0800074c   Section        0  _snputc.o(.text)
    .text                                    0x0800075c   Section        0  _printf_wctomb.o(.text)
    .text                                    0x08000818   Section        0  _printf_longlong_dec.o(.text)
    _printf_longlong_oct_internal            0x08000895   Thumb Code     0  _printf_oct_int_ll.o(.text)
    .text                                    0x08000894   Section        0  _printf_oct_int_ll.o(.text)
    _printf_hex_common                       0x08000905   Thumb Code     0  _printf_hex_int_ll_ptr.o(.text)
    .text                                    0x08000904   Section        0  _printf_hex_int_ll_ptr.o(.text)
    .text                                    0x08000998   Section        0  __printf_flags_ss_wp.o(.text)
    .text                                    0x08000b20   Section        0  strtok_int.o(.text)
    .text                                    0x08000b64   Section      100  rt_memcpy_w.o(.text)
    .text                                    0x08000bc8   Section       68  rt_memclr.o(.text)
    .text                                    0x08000c0c   Section        8  libspace.o(.text)
    .text                                    0x08000c14   Section        0  maybetermalloc1.o(.text)
    .text                                    0x08000c14   Section        0  h1_extend.o(.text)
    .text                                    0x08000c48   Section      138  lludiv10.o(.text)
    .text                                    0x08000cd2   Section        0  _printf_intcommon.o(.text)
    .text                                    0x08000d84   Section        0  _printf_char.o(.text)
    .text                                    0x08000db0   Section        0  _printf_wchar.o(.text)
    .text                                    0x08000ddc   Section        0  _c16rtomb.o(.text)
    .text                                    0x08000e24   Section        0  defsig_rtmem_outer.o(.text)
    .text                                    0x08000e32   Section        0  strcspn.o(.text)
    .text                                    0x08000e52   Section        0  strspn.o(.text)
    .text                                    0x08000e6e   Section        2  use_no_semi.o(.text)
    .text                                    0x08000e70   Section        0  indicate_semi.o(.text)
    .text                                    0x08000e70   Section       74  sys_stackheap_outer.o(.text)
    .text                                    0x08000ebc   Section       16  rt_ctype_table.o(.text)
    .text                                    0x08000ecc   Section        0  exit.o(.text)
    .text                                    0x08000ede   Section        0  defsig_exit.o(.text)
    .text                                    0x08000ee8   Section        0  defsig_rtmem_inner.o(.text)
    .text                                    0x08000f38   Section        0  sys_exit.o(.text)
    .text                                    0x08000f44   Section        8  rt_locale_intlibspace.o(.text)
    .text                                    0x08000f4c   Section        0  defsig_general.o(.text)
    .text                                    0x08000f7e   Section        0  sys_wrch.o(.text)
    .text                                    0x08000f8c   Section      128  strcmpv7m.o(.text)
    [Anonymous Symbol]                       0x0800100c   Section        0  at.o(.text.At_Init)
    [Anonymous Symbol]                       0x080011f0   Section        0  stm32f1xx_it.o(.text.BusFault_Handler)
    [Anonymous Symbol]                       0x080011f4   Section        0  stm32f1xx_it.o(.text.DebugMon_Handler)
    [Anonymous Symbol]                       0x080011f8   Section        0  main.o(.text.Error_Handler)
    [Anonymous Symbol]                       0x08001204   Section        0  usart.o(.text.Get_UART1_Rx_Len)
    [Anonymous Symbol]                       0x08001230   Section        0  stm32f1xx_hal_dma.o(.text.HAL_DMA_Abort)
    [Anonymous Symbol]                       0x08001278   Section        0  stm32f1xx_hal_dma.o(.text.HAL_DMA_Abort_IT)
    [Anonymous Symbol]                       0x0800132c   Section        0  stm32f1xx_hal_gpio.o(.text.HAL_GPIO_Init)
    [Anonymous Symbol]                       0x08001548   Section        0  stm32f1xx_hal_gpio.o(.text.HAL_GPIO_WritePin)
    [Anonymous Symbol]                       0x08001554   Section        0  stm32f1xx_hal.o(.text.HAL_GetTick)
    [Anonymous Symbol]                       0x08001560   Section        0  stm32f1xx_hal.o(.text.HAL_IncTick)
    [Anonymous Symbol]                       0x0800157c   Section        0  stm32f1xx_hal.o(.text.HAL_Init)
    [Anonymous Symbol]                       0x080015a4   Section        0  stm32f1xx_hal.o(.text.HAL_InitTick)
    [Anonymous Symbol]                       0x080015ec   Section        0  stm32f1xx_hal_msp.o(.text.HAL_MspInit)
    [Anonymous Symbol]                       0x08001624   Section        0  stm32f1xx_hal_cortex.o(.text.HAL_NVIC_EnableIRQ)
    [Anonymous Symbol]                       0x0800164c   Section        0  stm32f1xx_hal_cortex.o(.text.HAL_NVIC_SetPriority)
    [Anonymous Symbol]                       0x080016a4   Section        0  stm32f1xx_hal_cortex.o(.text.HAL_NVIC_SetPriorityGrouping)
    [Anonymous Symbol]                       0x080016c4   Section        0  stm32f1xx_hal_rcc.o(.text.HAL_RCC_ClockConfig)
    [Anonymous Symbol]                       0x08001884   Section        0  stm32f1xx_hal_rcc.o(.text.HAL_RCC_GetPCLK1Freq)
    [Anonymous Symbol]                       0x080018ac   Section        0  stm32f1xx_hal_rcc.o(.text.HAL_RCC_GetPCLK2Freq)
    [Anonymous Symbol]                       0x080018d4   Section        0  stm32f1xx_hal_rcc.o(.text.HAL_RCC_OscConfig)
    [Anonymous Symbol]                       0x08001c88   Section        0  stm32f1xx_hal_cortex.o(.text.HAL_SYSTICK_Config)
    [Anonymous Symbol]                       0x08001cb4   Section        0  stm32f1xx_hal_uart.o(.text.HAL_UARTEx_RxEventCallback)
    [Anonymous Symbol]                       0x08001cb8   Section        0  stm32f1xx_hal_uart.o(.text.HAL_UART_ErrorCallback)
    [Anonymous Symbol]                       0x08001cbc   Section        0  stm32f1xx_hal_uart.o(.text.HAL_UART_IRQHandler)
    [Anonymous Symbol]                       0x0800221c   Section        0  stm32f1xx_hal_uart.o(.text.HAL_UART_Init)
    [Anonymous Symbol]                       0x08002300   Section        0  usart.o(.text.HAL_UART_MspInit)
    [Anonymous Symbol]                       0x0800238c   Section        0  stm32f1xx_hal_uart.o(.text.HAL_UART_Receive_IT)
    [Anonymous Symbol]                       0x080023e0   Section        0  usart.o(.text.HAL_UART_RxCpltCallback)
    [Anonymous Symbol]                       0x08002450   Section        0  stm32f1xx_hal_uart.o(.text.HAL_UART_Transmit)
    [Anonymous Symbol]                       0x080026c8   Section        0  stm32f1xx_hal_uart.o(.text.HAL_UART_TxCpltCallback)
    [Anonymous Symbol]                       0x080026cc   Section        0  stm32f1xx_it.o(.text.HardFault_Handler)
    [Anonymous Symbol]                       0x080026e4   Section        0  gpio.o(.text.MX_GPIO_Init)
    [Anonymous Symbol]                       0x08002790   Section        0  usart.o(.text.MX_USART1_UART_Init)
    [Anonymous Symbol]                       0x080027dc   Section        0  stm32f1xx_it.o(.text.MemManage_Handler)
    [Anonymous Symbol]                       0x080027e0   Section        0  stm32f1xx_it.o(.text.NMI_Handler)
    [Anonymous Symbol]                       0x080027e4   Section        0  stm32f1xx_it.o(.text.PendSV_Handler)
    [Anonymous Symbol]                       0x080027e8   Section        0  usart.o(.text.Read_UART1_Rx)
    [Anonymous Symbol]                       0x08002840   Section        0  stm32f1xx_it.o(.text.SVC_Handler)
    [Anonymous Symbol]                       0x08002844   Section        0  at_stream_device.o(.text.Stream_Init)
    [Anonymous Symbol]                       0x08002898   Section        0  stm32f1xx_it.o(.text.SysTick_Handler)
    [Anonymous Symbol]                       0x0800289c   Section        0  system_stm32f1xx.o(.text.SystemInit)
    UART_DMAAbortOnError                     0x080028a1   Thumb Code    12  stm32f1xx_hal_uart.o(.text.UART_DMAAbortOnError)
    [Anonymous Symbol]                       0x080028a0   Section        0  stm32f1xx_hal_uart.o(.text.UART_DMAAbortOnError)
    UART_Receive_IT                          0x080028ad   Thumb Code   254  stm32f1xx_hal_uart.o(.text.UART_Receive_IT)
    [Anonymous Symbol]                       0x080028ac   Section        0  stm32f1xx_hal_uart.o(.text.UART_Receive_IT)
    [Anonymous Symbol]                       0x080029ac   Section        0  stm32f1xx_it.o(.text.USART1_IRQHandler)
    [Anonymous Symbol]                       0x080029b8   Section        0  stm32f1xx_it.o(.text.UsageFault_Handler)
    _at_printf                               0x080029bd   Thumb Code   138  at.o(.text._at_printf)
    [Anonymous Symbol]                       0x080029bc   Section        0  at.o(.text._at_printf)
    _at_user_AT                              0x08002a49   Thumb Code    28  at_user.o(.text._at_user_AT)
    [Anonymous Symbol]                       0x08002a48   Section        0  at_user.o(.text._at_user_AT)
    _at_user_AT_List                         0x08002a65   Thumb Code    40  at_user.o(.text._at_user_AT_List)
    [Anonymous Symbol]                       0x08002a64   Section        0  at_user.o(.text._at_user_AT_List)
    [Anonymous Symbol]                       0x08002a90   Section        0  at_user.o(.text._at_user_sdev_available)
    [Anonymous Symbol]                       0x08002aa0   Section        0  at_user.o(.text._at_user_sdev_print)
    [Anonymous Symbol]                       0x08002ad8   Section        0  at_user.o(.text._at_user_sdev_read)
    _checkString                             0x08002ae9   Thumb Code   126  at.o(.text._checkString)
    [Anonymous Symbol]                       0x08002ae8   Section        0  at.o(.text._checkString)
    _cutString                               0x08002b69   Thumb Code   398  at.o(.text._cutString)
    [Anonymous Symbol]                       0x08002b68   Section        0  at.o(.text._cutString)
    _errorToString                           0x08002cf9   Thumb Code   240  at.o(.text._errorToString)
    [Anonymous Symbol]                       0x08002cf8   Section        0  at.o(.text._errorToString)
    _getParamMaxNum                          0x08002e79   Thumb Code    12  at.o(.text._getParamMaxNum)
    [Anonymous Symbol]                       0x08002e78   Section        0  at.o(.text._getParamMaxNum)
    _getStateTable                           0x08002e85   Thumb Code    10  at.o(.text._getStateTable)
    [Anonymous Symbol]                       0x08002e84   Section        0  at.o(.text._getStateTable)
    _handle                                  0x08002e91   Thumb Code   174  at.o(.text._handle)
    [Anonymous Symbol]                       0x08002e90   Section        0  at.o(.text._handle)
    [Anonymous Symbol]                       0x08002f40   Section        0  at.o(.text._handleAuto)
    _print                                   0x08002f9d   Thumb Code    26  at.o(.text._print)
    [Anonymous Symbol]                       0x08002f9c   Section        0  at.o(.text._print)
    _printSet                                0x08002fb9   Thumb Code   168  at.o(.text._printSet)
    [Anonymous Symbol]                       0x08002fb8   Section        0  at.o(.text._printSet)
    _println                                 0x080030a1   Thumb Code    40  at.o(.text._println)
    [Anonymous Symbol]                       0x080030a0   Section        0  at.o(.text._println)
    [Anonymous Symbol]                       0x080030cc   Section        0  at.o(.text._sendInfor)
    _setInputDevice                          0x080030e5   Thumb Code    18  at.o(.text._setInputDevice)
    [Anonymous Symbol]                       0x080030e4   Section        0  at.o(.text._setInputDevice)
    _setOutputDevice                         0x080030f9   Thumb Code    18  at.o(.text._setOutputDevice)
    [Anonymous Symbol]                       0x080030f8   Section        0  at.o(.text._setOutputDevice)
    [Anonymous Symbol]                       0x0800310c   Section        0  at_mem.o(.text.at_free)
    [Anonymous Symbol]                       0x08003110   Section        0  at_mem.o(.text.at_malloc)
    [Anonymous Symbol]                       0x08003114   Section        0  at_mem.o(.text.at_memcmp)
    [Anonymous Symbol]                       0x08003118   Section        0  at_mem.o(.text.at_memcpy)
    [Anonymous Symbol]                       0x08003124   Section        0  at_mem.o(.text.at_memset)
    [Anonymous Symbol]                       0x08003138   Section        0  at_user.o(.text.at_user_init)
    [Anonymous Symbol]                       0x080031a0   Section        0  usart.o(.text.fputc)
    [Anonymous Symbol]                       0x080031c8   Section        0  main.o(.text.main)
    i._is_digit                              0x080032b0   Section        0  __printf_wp.o(i._is_digit)
    locale$$code                             0x080032c0   Section       44  lc_ctype_c.o(locale$$code)
    initial_mbstate                          0x080032ec   Data           8  _printf_wctomb.o(.constdata)
    .constdata                               0x080032ec   Section        8  _printf_wctomb.o(.constdata)
    uc_hextab                                0x080032f4   Data          20  _printf_hex_int_ll_ptr.o(.constdata)
    .constdata                               0x080032f4   Section       40  _printf_hex_int_ll_ptr.o(.constdata)
    lc_hextab                                0x08003308   Data          20  _printf_hex_int_ll_ptr.o(.constdata)
    maptable                                 0x0800331c   Data          17  __printf_flags_ss_wp.o(.constdata)
    .constdata                               0x0800331c   Section       17  __printf_flags_ss_wp.o(.constdata)
    HAL_RCC_GetSysClockFreq.aPredivFactorTable 0x08003345   Data           2  stm32f1xx_hal_rcc.o(.rodata.HAL_RCC_GetSysClockFreq.aPredivFactorTable)
    [Anonymous Symbol]                       0x08003345   Section        0  stm32f1xx_hal_rcc.o(.rodata.HAL_RCC_GetSysClockFreq.aPredivFactorTable)
    HAL_RCC_GetSysClockFreq.aPLLMULFactorTable 0x08003347   Data          16  stm32f1xx_hal_rcc.o(.rodata.cst16)
    [Anonymous Symbol]                       0x08003347   Section        0  stm32f1xx_hal_rcc.o(.rodata.cst16)
    .L.str.3                                 0x08003357   Data           3  at_user.o(.rodata.str1.1)
    [Anonymous Symbol]                       0x08003357   Section        0  at_user.o(.rodata.str1.1)
    .L.str.1                                 0x08003363   Data           4  at.o(.rodata.str1.1)
    [Anonymous Symbol]                       0x08003363   Section        0  at.o(.rodata.str1.1)
    .L.str.3                                 0x08003367   Data          16  at.o(.rodata.str1.1)
    .L.str.9                                 0x08003377   Data          12  at.o(.rodata.str1.1)
    .L.str.2                                 0x08003382   Data           1  at.o(.rodata.str1.1)
    locale$$data                             0x080033a4   Section      272  lc_ctype_c.o(locale$$data)
    __lcctype_c_name                         0x080033a8   Data           2  lc_ctype_c.o(locale$$data)
    __lcctype_c_start                        0x080033b0   Data           0  lc_ctype_c.o(locale$$data)
    __lcctype_c_end                          0x080034b4   Data           0  lc_ctype_c.o(locale$$data)
    _strtok_saves1                           0x20000000   Data           4  strtok.o(.data)
    .data                                    0x20000000   Section        4  strtok.o(.data)
    .L_MergedGlobals                         0x20000004   Data           8  stm32f1xx_hal.o(.data..L_MergedGlobals)
    [Anonymous Symbol]                       0x20000004   Section        0  stm32f1xx_hal.o(.data..L_MergedGlobals)
    _atTable                                 0x20000010   Data          36  at_user.o(.data._atTable)
    [Anonymous Symbol]                       0x20000010   Section        0  at_user.o(.data._atTable)
    .bss                                     0x20000038   Section       96  libspace.o(.bss)
    .L_MergedGlobals                         0x20000098   Data         104  at_user.o(.bss..L_MergedGlobals)
    at_user_stream_device                    0x20000098   Data          16  at_user.o(.bss..L_MergedGlobals)
    [Anonymous Symbol]                       0x20000098   Section        0  at_user.o(.bss..L_MergedGlobals)
    .L_MergedGlobals                         0x20000100   Data          84  usart.o(.bss..L_MergedGlobals)
    [Anonymous Symbol]                       0x20000100   Section        0  usart.o(.bss..L_MergedGlobals)
    UART1_Rx_Rear                            0x20000104   Data           4  usart.o(.bss..L_MergedGlobals)
    UART1_Rx_Front                           0x20000108   Data           4  usart.o(.bss..L_MergedGlobals)
    UART1_Rx_Buff                            0x20000154   Data         200  usart.o(.bss.UART1_Rx_Buff)
    [Anonymous Symbol]                       0x20000154   Section        0  usart.o(.bss.UART1_Rx_Buff)
    _errorToString.error_str                 0x20000270   Data          50  at.o(.bss._errorToString.error_str)
    [Anonymous Symbol]                       0x20000270   Section        0  at.o(.bss._errorToString.error_str)
    at_user_readString                       0x200002a2   Data         200  at_user.o(.bss.at_user_readString)
    [Anonymous Symbol]                       0x200002a2   Section        0  at_user.o(.bss.at_user_readString)
    Heap_Mem                                 0x20000370   Data         512  startup_stm32f103xb.o(HEAP)
    HEAP                                     0x20000370   Section      512  startup_stm32f103xb.o(HEAP)
    Stack_Mem                                0x20000570   Data        1024  startup_stm32f103xb.o(STACK)
    STACK                                    0x20000570   Section     1024  startup_stm32f103xb.o(STACK)
    __initial_sp                             0x20000970   Data           0  startup_stm32f103xb.o(STACK)

    Global Symbols

    Symbol Name                              Value     Ov Type        Size  Object(Section)

    BuildAttributes$$THM_ISAv4$P$D$K$B$S$PE$A:L22UL41UL21$X:L11$S22US41US21$IEEE1$IW$~IW$USESV6$~STKCKD$USESV7$~SHL$OTIME$ROPI$EBA8$UX$STANDARDLIB$REQ8$PRES8$EABIv2 0x00000000   Number         0  anon$$obj.o ABSOLUTE
    __fp_init_empty                          0x00000000   Number         0  fpinit_empty.o ABSOLUTE
    _printf_flags                            0x00000000   Number         0  printf_stubs.o ABSOLUTE
    _printf_return_value                     0x00000000   Number         0  printf_stubs.o ABSOLUTE
    _printf_sizespec                         0x00000000   Number         0  printf_stubs.o ABSOLUTE
    _printf_widthprec                        0x00000000   Number         0  printf_stubs.o ABSOLUTE
    __ARM_exceptions_init                     - Undefined Weak Reference
    __alloca_initialize                       - Undefined Weak Reference
    __arm_preinit_                            - Undefined Weak Reference
    __arm_relocate_pie_                       - Undefined Weak Reference
    __cpp_initialize__aeabi_                  - Undefined Weak Reference
    __cxa_finalize                            - Undefined Weak Reference
    __sigvec_lookup                           - Undefined Weak Reference
    __user_heap_extent                        - Undefined Weak Reference
    _atexit_init                              - Undefined Weak Reference
    _call_atexit_fns                          - Undefined Weak Reference
    _clock_init                               - Undefined Weak Reference
    _fp_trap_init                             - Undefined Weak Reference
    _fp_trap_shutdown                         - Undefined Weak Reference
    _get_lc_collate                           - Undefined Weak Reference
    _get_lc_monetary                          - Undefined Weak Reference
    _get_lc_numeric                           - Undefined Weak Reference
    _get_lc_time                              - Undefined Weak Reference
    _getenv_init                              - Undefined Weak Reference
    _handle_redirection                       - Undefined Weak Reference
    _initio                                   - Undefined Weak Reference
    _mutex_acquire                            - Undefined Weak Reference
    _mutex_free                               - Undefined Weak Reference
    _mutex_release                            - Undefined Weak Reference
    _printf_fp_dec                            - Undefined Weak Reference
    _printf_fp_hex                            - Undefined Weak Reference
    _printf_mbtowc                            - Undefined Weak Reference
    _printf_wc                                - Undefined Weak Reference
    _rand_init                                - Undefined Weak Reference
    _signal_finish                            - Undefined Weak Reference
    _signal_init                              - Undefined Weak Reference
    _terminateio                              - Undefined Weak Reference
    __Vectors_Size                           0x000000ec   Number         0  startup_stm32f103xb.o ABSOLUTE
    __Vectors                                0x08000000   Data           4  startup_stm32f103xb.o(RESET)
    __Vectors_End                            0x080000ec   Data           0  startup_stm32f103xb.o(RESET)
    __main                                   0x080000ed   Thumb Code     8  __main.o(!!!main)
    __scatterload                            0x080000f5   Thumb Code     0  __scatter.o(!!!scatter)
    __scatterload_rt2                        0x080000f5   Thumb Code    44  __scatter.o(!!!scatter)
    __scatterload_rt2_thumb_only             0x080000f5   Thumb Code     0  __scatter.o(!!!scatter)
    __scatterload_null                       0x08000103   Thumb Code     0  __scatter.o(!!!scatter)
    __scatterload_copy                       0x08000129   Thumb Code    26  __scatter_copy.o(!!handler_copy)
    __scatterload_zeroinit                   0x08000145   Thumb Code    28  __scatter_zi.o(!!handler_zi)
    _printf_n                                0x08000161   Thumb Code     0  _printf_n.o(.ARM.Collect$$_printf_percent$$00000001)
    _printf_percent                          0x08000161   Thumb Code     0  _printf_percent.o(.ARM.Collect$$_printf_percent$$00000000)
    _printf_p                                0x08000167   Thumb Code     0  _printf_p.o(.ARM.Collect$$_printf_percent$$00000002)
    _printf_f                                0x0800016d   Thumb Code     0  _printf_f.o(.ARM.Collect$$_printf_percent$$00000003)
    _printf_e                                0x08000173   Thumb Code     0  _printf_e.o(.ARM.Collect$$_printf_percent$$00000004)
    _printf_g                                0x08000179   Thumb Code     0  _printf_g.o(.ARM.Collect$$_printf_percent$$00000005)
    _printf_a                                0x0800017f   Thumb Code     0  _printf_a.o(.ARM.Collect$$_printf_percent$$00000006)
    _printf_ll                               0x08000185   Thumb Code     0  _printf_ll.o(.ARM.Collect$$_printf_percent$$00000007)
    _printf_i                                0x0800018f   Thumb Code     0  _printf_i.o(.ARM.Collect$$_printf_percent$$00000008)
    _printf_d                                0x08000195   Thumb Code     0  _printf_d.o(.ARM.Collect$$_printf_percent$$00000009)
    _printf_u                                0x0800019b   Thumb Code     0  _printf_u.o(.ARM.Collect$$_printf_percent$$0000000A)
    _printf_o                                0x080001a1   Thumb Code     0  _printf_o.o(.ARM.Collect$$_printf_percent$$0000000B)
    _printf_x                                0x080001a7   Thumb Code     0  _printf_x.o(.ARM.Collect$$_printf_percent$$0000000C)
    _printf_lli                              0x080001ad   Thumb Code     0  _printf_lli.o(.ARM.Collect$$_printf_percent$$0000000D)
    _printf_lld                              0x080001b3   Thumb Code     0  _printf_lld.o(.ARM.Collect$$_printf_percent$$0000000E)
    _printf_llu                              0x080001b9   Thumb Code     0  _printf_llu.o(.ARM.Collect$$_printf_percent$$0000000F)
    _printf_llo                              0x080001bf   Thumb Code     0  _printf_llo.o(.ARM.Collect$$_printf_percent$$00000010)
    _printf_llx                              0x080001c5   Thumb Code     0  _printf_llx.o(.ARM.Collect$$_printf_percent$$00000011)
    _printf_l                                0x080001cb   Thumb Code     0  _printf_l.o(.ARM.Collect$$_printf_percent$$00000012)
    _printf_c                                0x080001d5   Thumb Code     0  _printf_c.o(.ARM.Collect$$_printf_percent$$00000013)
    _printf_s                                0x080001db   Thumb Code     0  _printf_s.o(.ARM.Collect$$_printf_percent$$00000014)
    _printf_lc                               0x080001e1   Thumb Code     0  _printf_lc.o(.ARM.Collect$$_printf_percent$$00000015)
    _printf_ls                               0x080001e7   Thumb Code     0  _printf_ls.o(.ARM.Collect$$_printf_percent$$00000016)
    _printf_percent_end                      0x080001ed   Thumb Code     0  _printf_percent_end.o(.ARM.Collect$$_printf_percent$$00000017)
    __rt_lib_init                            0x080001f1   Thumb Code     0  libinit.o(.ARM.Collect$$libinit$$00000000)
    __rt_lib_init_fp_1                       0x080001f3   Thumb Code     0  libinit2.o(.ARM.Collect$$libinit$$00000002)
    __rt_lib_init_heap_2                     0x080001f3   Thumb Code     0  libinit2.o(.ARM.Collect$$libinit$$00000007)
    __rt_lib_init_preinit_1                  0x080001f3   Thumb Code     0  libinit2.o(.ARM.Collect$$libinit$$00000006)
    __rt_lib_init_relocate_pie_1             0x080001f3   Thumb Code     0  libinit2.o(.ARM.Collect$$libinit$$00000004)
    __rt_lib_init_heap_1                     0x080001fb   Thumb Code     0  libinit2.o(.ARM.Collect$$libinit$$0000000C)
    __rt_lib_init_lc_common                  0x080001fb   Thumb Code     0  libinit2.o(.ARM.Collect$$libinit$$00000011)
    __rt_lib_init_rand_1                     0x080001fb   Thumb Code     0  libinit2.o(.ARM.Collect$$libinit$$00000010)
    __rt_lib_init_user_alloc_1               0x080001fb   Thumb Code     0  libinit2.o(.ARM.Collect$$libinit$$0000000E)
    __rt_lib_init_lc_collate_1               0x08000201   Thumb Code     0  libinit2.o(.ARM.Collect$$libinit$$00000013)
    __rt_lib_init_lc_ctype_2                 0x08000201   Thumb Code     0  libinit2.o(.ARM.Collect$$libinit$$00000014)
    __rt_lib_init_alloca_1                   0x0800020d   Thumb Code     0  libinit2.o(.ARM.Collect$$libinit$$00000030)
    __rt_lib_init_argv_1                     0x0800020d   Thumb Code     0  libinit2.o(.ARM.Collect$$libinit$$0000002E)
    __rt_lib_init_atexit_1                   0x0800020d   Thumb Code     0  libinit2.o(.ARM.Collect$$libinit$$0000001D)
    __rt_lib_init_clock_1                    0x0800020d   Thumb Code     0  libinit2.o(.ARM.Collect$$libinit$$00000023)
    __rt_lib_init_cpp_1                      0x0800020d   Thumb Code     0  libinit2.o(.ARM.Collect$$libinit$$00000034)
    __rt_lib_init_exceptions_1               0x0800020d   Thumb Code     0  libinit2.o(.ARM.Collect$$libinit$$00000032)
    __rt_lib_init_fp_trap_1                  0x0800020d   Thumb Code     0  libinit2.o(.ARM.Collect$$libinit$$00000021)
    __rt_lib_init_getenv_1                   0x0800020d   Thumb Code     0  libinit2.o(.ARM.Collect$$libinit$$00000025)
    __rt_lib_init_lc_ctype_1                 0x0800020d   Thumb Code     0  libinit2.o(.ARM.Collect$$libinit$$00000015)
    __rt_lib_init_lc_monetary_1              0x0800020d   Thumb Code     0  libinit2.o(.ARM.Collect$$libinit$$00000017)
    __rt_lib_init_lc_numeric_1               0x0800020d   Thumb Code     0  libinit2.o(.ARM.Collect$$libinit$$00000019)
    __rt_lib_init_lc_time_1                  0x0800020d   Thumb Code     0  libinit2.o(.ARM.Collect$$libinit$$0000001B)
    __rt_lib_init_return                     0x0800020d   Thumb Code     0  libinit2.o(.ARM.Collect$$libinit$$00000035)
    __rt_lib_init_signal_1                   0x0800020d   Thumb Code     0  libinit2.o(.ARM.Collect$$libinit$$0000001F)
    __rt_lib_init_stdio_1                    0x0800020d   Thumb Code     0  libinit2.o(.ARM.Collect$$libinit$$00000027)
    __rt_lib_shutdown                        0x0800020f   Thumb Code     0  libshutdown.o(.ARM.Collect$$libshutdown$$00000000)
    __rt_lib_shutdown_cpp_1                  0x08000211   Thumb Code     0  libshutdown2.o(.ARM.Collect$$libshutdown$$00000002)
    __rt_lib_shutdown_fp_trap_1              0x08000211   Thumb Code     0  libshutdown2.o(.ARM.Collect$$libshutdown$$00000007)
    __rt_lib_shutdown_heap_1                 0x08000211   Thumb Code     0  libshutdown2.o(.ARM.Collect$$libshutdown$$0000000F)
    __rt_lib_shutdown_return                 0x08000211   Thumb Code     0  libshutdown2.o(.ARM.Collect$$libshutdown$$00000010)
    __rt_lib_shutdown_signal_1               0x08000211   Thumb Code     0  libshutdown2.o(.ARM.Collect$$libshutdown$$0000000A)
    __rt_lib_shutdown_stdio_1                0x08000211   Thumb Code     0  libshutdown2.o(.ARM.Collect$$libshutdown$$00000004)
    __rt_lib_shutdown_user_alloc_1           0x08000211   Thumb Code     0  libshutdown2.o(.ARM.Collect$$libshutdown$$0000000C)
    __rt_entry                               0x08000213   Thumb Code     0  __rtentry.o(.ARM.Collect$$rtentry$$00000000)
    __rt_entry_presh_1                       0x08000213   Thumb Code     0  __rtentry2.o(.ARM.Collect$$rtentry$$00000002)
    __rt_entry_sh                            0x08000213   Thumb Code     0  __rtentry4.o(.ARM.Collect$$rtentry$$00000004)
    __rt_entry_li                            0x08000219   Thumb Code     0  __rtentry2.o(.ARM.Collect$$rtentry$$0000000A)
    __rt_entry_postsh_1                      0x08000219   Thumb Code     0  __rtentry2.o(.ARM.Collect$$rtentry$$00000009)
    __rt_entry_main                          0x0800021d   Thumb Code     0  __rtentry2.o(.ARM.Collect$$rtentry$$0000000D)
    __rt_entry_postli_1                      0x0800021d   Thumb Code     0  __rtentry2.o(.ARM.Collect$$rtentry$$0000000C)
    __rt_exit                                0x08000225   Thumb Code     0  rtexit.o(.ARM.Collect$$rtexit$$00000000)
    __rt_exit_ls                             0x08000227   Thumb Code     0  rtexit2.o(.ARM.Collect$$rtexit$$00000003)
    __rt_exit_prels_1                        0x08000227   Thumb Code     0  rtexit2.o(.ARM.Collect$$rtexit$$00000002)
    __rt_exit_exit                           0x0800022b   Thumb Code     0  rtexit2.o(.ARM.Collect$$rtexit$$00000004)
    Reset_Handler                            0x08000231   Thumb Code     8  startup_stm32f103xb.o(.text)
    ADC1_2_IRQHandler                        0x0800024b   Thumb Code     0  startup_stm32f103xb.o(.text)
    CAN1_RX1_IRQHandler                      0x0800024b   Thumb Code     0  startup_stm32f103xb.o(.text)
    CAN1_SCE_IRQHandler                      0x0800024b   Thumb Code     0  startup_stm32f103xb.o(.text)
    DMA1_Channel1_IRQHandler                 0x0800024b   Thumb Code     0  startup_stm32f103xb.o(.text)
    DMA1_Channel2_IRQHandler                 0x0800024b   Thumb Code     0  startup_stm32f103xb.o(.text)
    DMA1_Channel3_IRQHandler                 0x0800024b   Thumb Code     0  startup_stm32f103xb.o(.text)
    DMA1_Channel4_IRQHandler                 0x0800024b   Thumb Code     0  startup_stm32f103xb.o(.text)
    DMA1_Channel5_IRQHandler                 0x0800024b   Thumb Code     0  startup_stm32f103xb.o(.text)
    DMA1_Channel6_IRQHandler                 0x0800024b   Thumb Code     0  startup_stm32f103xb.o(.text)
    DMA1_Channel7_IRQHandler                 0x0800024b   Thumb Code     0  startup_stm32f103xb.o(.text)
    EXTI0_IRQHandler                         0x0800024b   Thumb Code     0  startup_stm32f103xb.o(.text)
    EXTI15_10_IRQHandler                     0x0800024b   Thumb Code     0  startup_stm32f103xb.o(.text)
    EXTI1_IRQHandler                         0x0800024b   Thumb Code     0  startup_stm32f103xb.o(.text)
    EXTI2_IRQHandler                         0x0800024b   Thumb Code     0  startup_stm32f103xb.o(.text)
    EXTI3_IRQHandler                         0x0800024b   Thumb Code     0  startup_stm32f103xb.o(.text)
    EXTI4_IRQHandler                         0x0800024b   Thumb Code     0  startup_stm32f103xb.o(.text)
    EXTI9_5_IRQHandler                       0x0800024b   Thumb Code     0  startup_stm32f103xb.o(.text)
    FLASH_IRQHandler                         0x0800024b   Thumb Code     0  startup_stm32f103xb.o(.text)
    I2C1_ER_IRQHandler                       0x0800024b   Thumb Code     0  startup_stm32f103xb.o(.text)
    I2C1_EV_IRQHandler                       0x0800024b   Thumb Code     0  startup_stm32f103xb.o(.text)
    I2C2_ER_IRQHandler                       0x0800024b   Thumb Code     0  startup_stm32f103xb.o(.text)
    I2C2_EV_IRQHandler                       0x0800024b   Thumb Code     0  startup_stm32f103xb.o(.text)
    PVD_IRQHandler                           0x0800024b   Thumb Code     0  startup_stm32f103xb.o(.text)
    RCC_IRQHandler                           0x0800024b   Thumb Code     0  startup_stm32f103xb.o(.text)
    RTC_Alarm_IRQHandler                     0x0800024b   Thumb Code     0  startup_stm32f103xb.o(.text)
    RTC_IRQHandler                           0x0800024b   Thumb Code     0  startup_stm32f103xb.o(.text)
    SPI1_IRQHandler                          0x0800024b   Thumb Code     0  startup_stm32f103xb.o(.text)
    SPI2_IRQHandler                          0x0800024b   Thumb Code     0  startup_stm32f103xb.o(.text)
    TAMPER_IRQHandler                        0x0800024b   Thumb Code     0  startup_stm32f103xb.o(.text)
    TIM1_BRK_IRQHandler                      0x0800024b   Thumb Code     0  startup_stm32f103xb.o(.text)
    TIM1_CC_IRQHandler                       0x0800024b   Thumb Code     0  startup_stm32f103xb.o(.text)
    TIM1_TRG_COM_IRQHandler                  0x0800024b   Thumb Code     0  startup_stm32f103xb.o(.text)
    TIM1_UP_IRQHandler                       0x0800024b   Thumb Code     0  startup_stm32f103xb.o(.text)
    TIM2_IRQHandler                          0x0800024b   Thumb Code     0  startup_stm32f103xb.o(.text)
    TIM3_IRQHandler                          0x0800024b   Thumb Code     0  startup_stm32f103xb.o(.text)
    TIM4_IRQHandler                          0x0800024b   Thumb Code     0  startup_stm32f103xb.o(.text)
    USART2_IRQHandler                        0x0800024b   Thumb Code     0  startup_stm32f103xb.o(.text)
    USART3_IRQHandler                        0x0800024b   Thumb Code     0  startup_stm32f103xb.o(.text)
    USBWakeUp_IRQHandler                     0x0800024b   Thumb Code     0  startup_stm32f103xb.o(.text)
    USB_HP_CAN1_TX_IRQHandler                0x0800024b   Thumb Code     0  startup_stm32f103xb.o(.text)
    USB_LP_CAN1_RX0_IRQHandler               0x0800024b   Thumb Code     0  startup_stm32f103xb.o(.text)
    WWDG_IRQHandler                          0x0800024b   Thumb Code     0  startup_stm32f103xb.o(.text)
    __user_initial_stackheap                 0x0800024d   Thumb Code     0  startup_stm32f103xb.o(.text)
    malloc                                   0x08000271   Thumb Code    94  h1_alloc.o(.text)
    free                                     0x080002cf   Thumb Code    78  h1_free.o(.text)
    _vsnprintf                               0x0800031d   Thumb Code    56  _vsnprintf.o(.text)
    puts                                     0x08000359   Thumb Code    40  puts.o(.text)
    strtok                                   0x08000385   Thumb Code     6  strtok.o(.text)
    memcmp                                   0x08000391   Thumb Code    88  memcmp.o(.text)
    strlen                                   0x080003e9   Thumb Code    62  strlen.o(.text)
    __aeabi_memcpy                           0x08000427   Thumb Code     0  rt_memcpy_v6.o(.text)
    __rt_memcpy                              0x08000427   Thumb Code   138  rt_memcpy_v6.o(.text)
    _memcpy_lastbytes                        0x0800048d   Thumb Code     0  rt_memcpy_v6.o(.text)
    __aeabi_memset                           0x080004b1   Thumb Code    16  aeabi_memset.o(.text)
    __aeabi_memclr4                          0x080004c1   Thumb Code     0  rt_memclr_w.o(.text)
    __aeabi_memclr8                          0x080004c1   Thumb Code     0  rt_memclr_w.o(.text)
    __rt_memclr_w                            0x080004c1   Thumb Code     0  rt_memclr_w.o(.text)
    _memset_w                                0x080004c5   Thumb Code    74  rt_memclr_w.o(.text)
    __use_two_region_memory                  0x0800050f   Thumb Code     2  heapauxi.o(.text)
    __rt_heap_escrow                         0x08000511   Thumb Code     2  heapauxi.o(.text)
    __rt_heap_expand                         0x08000513   Thumb Code     2  heapauxi.o(.text)
    __rt_heap_descriptor                     0x08000515   Thumb Code     8  rt_heap_descriptor_intlibspace.o(.text)
    __use_no_heap                            0x0800051d   Thumb Code     2  hguard.o(.text)
    __heap$guard                             0x0800051f   Thumb Code     2  hguard.o(.text)
    _terminate_user_alloc                    0x08000521   Thumb Code     2  init_alloc.o(.text)
    _init_user_alloc                         0x08000523   Thumb Code     2  init_alloc.o(.text)
    __Heap_Full                              0x08000525   Thumb Code    34  init_alloc.o(.text)
    __Heap_Broken                            0x08000547   Thumb Code     6  init_alloc.o(.text)
    _init_alloc                              0x0800054d   Thumb Code    94  init_alloc.o(.text)
    __Heap_Initialize                        0x080005ab   Thumb Code    10  h1_init.o(.text)
    __Heap_DescSize                          0x080005b5   Thumb Code     4  h1_init.o(.text)
    _printf_pre_padding                      0x080005b9   Thumb Code    44  _printf_pad.o(.text)
    _printf_post_padding                     0x080005e5   Thumb Code    34  _printf_pad.o(.text)
    _printf_truncate_signed                  0x08000607   Thumb Code    18  _printf_truncate.o(.text)
    _printf_truncate_unsigned                0x08000619   Thumb Code    18  _printf_truncate.o(.text)
    _printf_str                              0x0800062b   Thumb Code    82  _printf_str.o(.text)
    _printf_int_dec                          0x0800067d   Thumb Code   104  _printf_dec.o(.text)
    _printf_charcount                        0x080006f5   Thumb Code    40  _printf_charcount.o(.text)
    _printf_char_common                      0x08000727   Thumb Code    32  _printf_char_common.o(.text)
    _snputc                                  0x0800074d   Thumb Code    16  _snputc.o(.text)
    _printf_wctomb                           0x0800075d   Thumb Code   182  _printf_wctomb.o(.text)
    _printf_longlong_dec                     0x08000819   Thumb Code   108  _printf_longlong_dec.o(.text)
    _printf_longlong_oct                     0x08000895   Thumb Code    68  _printf_oct_int_ll.o(.text)
    _printf_int_oct                          0x080008d9   Thumb Code    24  _printf_oct_int_ll.o(.text)
    _printf_ll_oct                           0x080008f1   Thumb Code    12  _printf_oct_int_ll.o(.text)
    _printf_longlong_hex                     0x08000905   Thumb Code    86  _printf_hex_int_ll_ptr.o(.text)
    _printf_int_hex                          0x0800095b   Thumb Code    28  _printf_hex_int_ll_ptr.o(.text)
    _printf_ll_hex                           0x08000977   Thumb Code    12  _printf_hex_int_ll_ptr.o(.text)
    _printf_hex_ptr                          0x08000983   Thumb Code    18  _printf_hex_int_ll_ptr.o(.text)
    __printf                                 0x08000999   Thumb Code   388  __printf_flags_ss_wp.o(.text)
    __strtok_internal                        0x08000b21   Thumb Code    64  strtok_int.o(.text)
    __aeabi_memcpy4                          0x08000b65   Thumb Code     0  rt_memcpy_w.o(.text)
    __aeabi_memcpy8                          0x08000b65   Thumb Code     0  rt_memcpy_w.o(.text)
    __rt_memcpy_w                            0x08000b65   Thumb Code   100  rt_memcpy_w.o(.text)
    _memcpy_lastbytes_aligned                0x08000bad   Thumb Code     0  rt_memcpy_w.o(.text)
    __aeabi_memclr                           0x08000bc9   Thumb Code     0  rt_memclr.o(.text)
    __rt_memclr                              0x08000bc9   Thumb Code     0  rt_memclr.o(.text)
    _memset                                  0x08000bcd   Thumb Code    64  rt_memclr.o(.text)
    __user_libspace                          0x08000c0d   Thumb Code     8  libspace.o(.text)
    __user_perproc_libspace                  0x08000c0d   Thumb Code     0  libspace.o(.text)
    __user_perthread_libspace                0x08000c0d   Thumb Code     0  libspace.o(.text)
    __Heap_ProvideMemory                     0x08000c15   Thumb Code    52  h1_extend.o(.text)
    _maybe_terminate_alloc                   0x08000c15   Thumb Code     0  maybetermalloc1.o(.text)
    _ll_udiv10                               0x08000c49   Thumb Code   138  lludiv10.o(.text)
    _printf_int_common                       0x08000cd3   Thumb Code   178  _printf_intcommon.o(.text)
    _printf_cs_common                        0x08000d85   Thumb Code    20  _printf_char.o(.text)
    _printf_char                             0x08000d99   Thumb Code    16  _printf_char.o(.text)
    _printf_string                           0x08000da9   Thumb Code     8  _printf_char.o(.text)
    _printf_lcs_common                       0x08000db1   Thumb Code    20  _printf_wchar.o(.text)
    _printf_wchar                            0x08000dc5   Thumb Code    16  _printf_wchar.o(.text)
    _printf_wstring                          0x08000dd5   Thumb Code     8  _printf_wchar.o(.text)
    _c16rtomb                                0x08000ddd   Thumb Code    72  _c16rtomb.o(.text)
    _wcrtomb                                 0x08000ddd   Thumb Code     0  _c16rtomb.o(.text)
    __rt_SIGRTMEM                            0x08000e25   Thumb Code    14  defsig_rtmem_outer.o(.text)
    strcspn                                  0x08000e33   Thumb Code    32  strcspn.o(.text)
    strspn                                   0x08000e53   Thumb Code    28  strspn.o(.text)
    __I$use$semihosting                      0x08000e6f   Thumb Code     0  use_no_semi.o(.text)
    __use_no_semihosting_swi                 0x08000e6f   Thumb Code     2  use_no_semi.o(.text)
    __semihosting_library_function           0x08000e71   Thumb Code     0  indicate_semi.o(.text)
    __user_setup_stackheap                   0x08000e71   Thumb Code    74  sys_stackheap_outer.o(.text)
    __rt_ctype_table                         0x08000ebd   Thumb Code    16  rt_ctype_table.o(.text)
    exit                                     0x08000ecd   Thumb Code    18  exit.o(.text)
    __sig_exit                               0x08000edf   Thumb Code    10  defsig_exit.o(.text)
    __rt_SIGRTMEM_inner                      0x08000ee9   Thumb Code    22  defsig_rtmem_inner.o(.text)
    _sys_exit                                0x08000f39   Thumb Code     8  sys_exit.o(.text)
    __rt_locale                              0x08000f45   Thumb Code     8  rt_locale_intlibspace.o(.text)
    __default_signal_display                 0x08000f4d   Thumb Code    50  defsig_general.o(.text)
    _ttywrch                                 0x08000f7f   Thumb Code    14  sys_wrch.o(.text)
    strcmp                                   0x08000f8d   Thumb Code   128  strcmpv7m.o(.text)
    At_Init                                  0x0800100d   Thumb Code   484  at.o(.text.At_Init)
    BusFault_Handler                         0x080011f1   Thumb Code     2  stm32f1xx_it.o(.text.BusFault_Handler)
    DebugMon_Handler                         0x080011f5   Thumb Code     2  stm32f1xx_it.o(.text.DebugMon_Handler)
    Error_Handler                            0x080011f9   Thumb Code    10  main.o(.text.Error_Handler)
    Get_UART1_Rx_Len                         0x08001205   Thumb Code    42  usart.o(.text.Get_UART1_Rx_Len)
    HAL_DMA_Abort                            0x08001231   Thumb Code    70  stm32f1xx_hal_dma.o(.text.HAL_DMA_Abort)
    HAL_DMA_Abort_IT                         0x08001279   Thumb Code   178  stm32f1xx_hal_dma.o(.text.HAL_DMA_Abort_IT)
    HAL_GPIO_Init                            0x0800132d   Thumb Code   538  stm32f1xx_hal_gpio.o(.text.HAL_GPIO_Init)
    HAL_GPIO_WritePin                        0x08001549   Thumb Code    10  stm32f1xx_hal_gpio.o(.text.HAL_GPIO_WritePin)
    HAL_GetTick                              0x08001555   Thumb Code    12  stm32f1xx_hal.o(.text.HAL_GetTick)
    HAL_IncTick                              0x08001561   Thumb Code    26  stm32f1xx_hal.o(.text.HAL_IncTick)
    HAL_Init                                 0x0800157d   Thumb Code    38  stm32f1xx_hal.o(.text.HAL_Init)
    HAL_InitTick                             0x080015a5   Thumb Code    72  stm32f1xx_hal.o(.text.HAL_InitTick)
    HAL_MspInit                              0x080015ed   Thumb Code    54  stm32f1xx_hal_msp.o(.text.HAL_MspInit)
    HAL_NVIC_EnableIRQ                       0x08001625   Thumb Code    38  stm32f1xx_hal_cortex.o(.text.HAL_NVIC_EnableIRQ)
    HAL_NVIC_SetPriority                     0x0800164d   Thumb Code    86  stm32f1xx_hal_cortex.o(.text.HAL_NVIC_SetPriority)
    HAL_NVIC_SetPriorityGrouping             0x080016a5   Thumb Code    32  stm32f1xx_hal_cortex.o(.text.HAL_NVIC_SetPriorityGrouping)
    HAL_RCC_ClockConfig                      0x080016c5   Thumb Code   446  stm32f1xx_hal_rcc.o(.text.HAL_RCC_ClockConfig)
    HAL_RCC_GetPCLK1Freq                     0x08001885   Thumb Code    38  stm32f1xx_hal_rcc.o(.text.HAL_RCC_GetPCLK1Freq)
    HAL_RCC_GetPCLK2Freq                     0x080018ad   Thumb Code    38  stm32f1xx_hal_rcc.o(.text.HAL_RCC_GetPCLK2Freq)
    HAL_RCC_OscConfig                        0x080018d5   Thumb Code   948  stm32f1xx_hal_rcc.o(.text.HAL_RCC_OscConfig)
    HAL_SYSTICK_Config                       0x08001c89   Thumb Code    44  stm32f1xx_hal_cortex.o(.text.HAL_SYSTICK_Config)
    HAL_UARTEx_RxEventCallback               0x08001cb5   Thumb Code     2  stm32f1xx_hal_uart.o(.text.HAL_UARTEx_RxEventCallback)
    HAL_UART_ErrorCallback                   0x08001cb9   Thumb Code     2  stm32f1xx_hal_uart.o(.text.HAL_UART_ErrorCallback)
    HAL_UART_IRQHandler                      0x08001cbd   Thumb Code  1376  stm32f1xx_hal_uart.o(.text.HAL_UART_IRQHandler)
    HAL_UART_Init                            0x0800221d   Thumb Code   226  stm32f1xx_hal_uart.o(.text.HAL_UART_Init)
    HAL_UART_MspInit                         0x08002301   Thumb Code   138  usart.o(.text.HAL_UART_MspInit)
    HAL_UART_Receive_IT                      0x0800238d   Thumb Code    82  stm32f1xx_hal_uart.o(.text.HAL_UART_Receive_IT)
    HAL_UART_RxCpltCallback                  0x080023e1   Thumb Code   112  usart.o(.text.HAL_UART_RxCpltCallback)
    HAL_UART_Transmit                        0x08002451   Thumb Code   632  stm32f1xx_hal_uart.o(.text.HAL_UART_Transmit)
    HAL_UART_TxCpltCallback                  0x080026c9   Thumb Code     2  stm32f1xx_hal_uart.o(.text.HAL_UART_TxCpltCallback)
    HardFault_Handler                        0x080026cd   Thumb Code    22  stm32f1xx_it.o(.text.HardFault_Handler)
    MX_GPIO_Init                             0x080026e5   Thumb Code   172  gpio.o(.text.MX_GPIO_Init)
    MX_USART1_UART_Init                      0x08002791   Thumb Code    74  usart.o(.text.MX_USART1_UART_Init)
    MemManage_Handler                        0x080027dd   Thumb Code     2  stm32f1xx_it.o(.text.MemManage_Handler)
    NMI_Handler                              0x080027e1   Thumb Code     2  stm32f1xx_it.o(.text.NMI_Handler)
    PendSV_Handler                           0x080027e5   Thumb Code     2  stm32f1xx_it.o(.text.PendSV_Handler)
    Read_UART1_Rx                            0x080027e9   Thumb Code    86  usart.o(.text.Read_UART1_Rx)
    SVC_Handler                              0x08002841   Thumb Code     2  stm32f1xx_it.o(.text.SVC_Handler)
    Stream_Init                              0x08002845   Thumb Code    82  at_stream_device.o(.text.Stream_Init)
    SysTick_Handler                          0x08002899   Thumb Code     4  stm32f1xx_it.o(.text.SysTick_Handler)
    SystemInit                               0x0800289d   Thumb Code     2  system_stm32f1xx.o(.text.SystemInit)
    USART1_IRQHandler                        0x080029ad   Thumb Code    12  stm32f1xx_it.o(.text.USART1_IRQHandler)
    UsageFault_Handler                       0x080029b9   Thumb Code     2  stm32f1xx_it.o(.text.UsageFault_Handler)
    _at_user_sdev_available                  0x08002a91   Thumb Code    14  at_user.o(.text._at_user_sdev_available)
    _at_user_sdev_print                      0x08002aa1   Thumb Code    54  at_user.o(.text._at_user_sdev_print)
    _at_user_sdev_read                       0x08002ad9   Thumb Code    14  at_user.o(.text._at_user_sdev_read)
    _handleAuto                              0x08002f41   Thumb Code    90  at.o(.text._handleAuto)
    _sendInfor                               0x080030cd   Thumb Code    16  at.o(.text._sendInfor)
    at_free                                  0x0800310d   Thumb Code     4  at_mem.o(.text.at_free)
    at_malloc                                0x08003111   Thumb Code     4  at_mem.o(.text.at_malloc)
    at_memcmp                                0x08003115   Thumb Code     4  at_mem.o(.text.at_memcmp)
    at_memcpy                                0x08003119   Thumb Code    12  at_mem.o(.text.at_memcpy)
    at_memset                                0x08003125   Thumb Code    18  at_mem.o(.text.at_memset)
    at_user_init                             0x08003139   Thumb Code   102  at_user.o(.text.at_user_init)
    fputc                                    0x080031a1   Thumb Code    40  usart.o(.text.fputc)
    main                                     0x080031c9   Thumb Code   148  main.o(.text.main)
    _is_digit                                0x080032b1   Thumb Code    14  __printf_wp.o(i._is_digit)
    _get_lc_ctype                            0x080032c1   Thumb Code    44  lc_ctype_c.o(locale$$code)
    AHBPrescTable                            0x0800332d   Data          16  system_stm32f1xx.o(.rodata.AHBPrescTable)
    APBPrescTable                            0x0800333d   Data           8  system_stm32f1xx.o(.rodata.APBPrescTable)
    Region$$Table$$Base                      0x08003384   Number         0  anon$$obj.o(Region$$Table)
    Region$$Table$$Limit                     0x080033a4   Number         0  anon$$obj.o(Region$$Table)
    __ctype                                  0x080033b1   Data           0  lc_ctype_c.o(locale$$data)
    uwTickFreq                               0x20000004   Data           1  stm32f1xx_hal.o(.data..L_MergedGlobals)
    uwTickPrio                               0x20000008   Data           4  stm32f1xx_hal.o(.data..L_MergedGlobals)
    SystemCoreClock                          0x2000000c   Data           4  system_stm32f1xx.o(.data.SystemCoreClock)
    __libspace_start                         0x20000038   Data          96  libspace.o(.bss)
    __temporary_stack_top$libspace           0x20000098   Data           0  libspace.o(.bss)
    at                                       0x200000a8   Data          88  at_user.o(.bss..L_MergedGlobals)
    UART1_aRxBuffer                          0x20000100   Data           1  usart.o(.bss..L_MergedGlobals)
    huart1                                   0x2000010c   Data          72  usart.o(.bss..L_MergedGlobals)
    __stdout                                 0x2000021c   Data          84  usart.o(.bss.__stdout)
    uwTick                                   0x2000036c   Data           4  stm32f1xx_hal.o(.bss.uwTick)



==============================================================================

Memory Map of the image

  Image Entry point : 0x080000ed

  Load Region LR_IROM1 (Base: 0x08000000, Size: 0x000034f0, Max: 0x00010000, ABSOLUTE)

    Execution Region ER_IROM1 (Exec base: 0x08000000, Load base: 0x08000000, Size: 0x000034b4, Max: 0x00010000, ABSOLUTE)

    Exec Addr    Load Addr    Size         Type   Attr      Idx    E Section Name        Object

    0x08000000   0x08000000   0x000000ec   Data   RO            3    RESET               startup_stm32f103xb.o
    0x080000ec   0x080000ec   0x00000008   Code   RO          764  * !!!main             c_w.l(__main.o)
    0x080000f4   0x080000f4   0x00000034   Code   RO         1097    !!!scatter          c_w.l(__scatter.o)
    0x08000128   0x08000128   0x0000001a   Code   RO         1099    !!handler_copy      c_w.l(__scatter_copy.o)
    0x08000142   0x08000142   0x00000002   PAD
    0x08000144   0x08000144   0x0000001c   Code   RO         1101    !!handler_zi        c_w.l(__scatter_zi.o)
    0x08000160   0x08000160   0x00000000   Code   RO          873    .ARM.Collect$$_printf_percent$$00000000  c_w.l(_printf_percent.o)
    0x08000160   0x08000160   0x00000006   Code   RO          862    .ARM.Collect$$_printf_percent$$00000001  c_w.l(_printf_n.o)
    0x08000166   0x08000166   0x00000006   Code   RO          864    .ARM.Collect$$_printf_percent$$00000002  c_w.l(_printf_p.o)
    0x0800016c   0x0800016c   0x00000006   Code   RO          869    .ARM.Collect$$_printf_percent$$00000003  c_w.l(_printf_f.o)
    0x08000172   0x08000172   0x00000006   Code   RO          870    .ARM.Collect$$_printf_percent$$00000004  c_w.l(_printf_e.o)
    0x08000178   0x08000178   0x00000006   Code   RO          871    .ARM.Collect$$_printf_percent$$00000005  c_w.l(_printf_g.o)
    0x0800017e   0x0800017e   0x00000006   Code   RO          872    .ARM.Collect$$_printf_percent$$00000006  c_w.l(_printf_a.o)
    0x08000184   0x08000184   0x0000000a   Code   RO          877    .ARM.Collect$$_printf_percent$$00000007  c_w.l(_printf_ll.o)
    0x0800018e   0x0800018e   0x00000006   Code   RO          866    .ARM.Collect$$_printf_percent$$00000008  c_w.l(_printf_i.o)
    0x08000194   0x08000194   0x00000006   Code   RO          867    .ARM.Collect$$_printf_percent$$00000009  c_w.l(_printf_d.o)
    0x0800019a   0x0800019a   0x00000006   Code   RO          868    .ARM.Collect$$_printf_percent$$0000000A  c_w.l(_printf_u.o)
    0x080001a0   0x080001a0   0x00000006   Code   RO          865    .ARM.Collect$$_printf_percent$$0000000B  c_w.l(_printf_o.o)
    0x080001a6   0x080001a6   0x00000006   Code   RO          863    .ARM.Collect$$_printf_percent$$0000000C  c_w.l(_printf_x.o)
    0x080001ac   0x080001ac   0x00000006   Code   RO          874    .ARM.Collect$$_printf_percent$$0000000D  c_w.l(_printf_lli.o)
    0x080001b2   0x080001b2   0x00000006   Code   RO          875    .ARM.Collect$$_printf_percent$$0000000E  c_w.l(_printf_lld.o)
    0x080001b8   0x080001b8   0x00000006   Code   RO          876    .ARM.Collect$$_printf_percent$$0000000F  c_w.l(_printf_llu.o)
    0x080001be   0x080001be   0x00000006   Code   RO          881    .ARM.Collect$$_printf_percent$$00000010  c_w.l(_printf_llo.o)
    0x080001c4   0x080001c4   0x00000006   Code   RO          882    .ARM.Collect$$_printf_percent$$00000011  c_w.l(_printf_llx.o)
    0x080001ca   0x080001ca   0x0000000a   Code   RO          878    .ARM.Collect$$_printf_percent$$00000012  c_w.l(_printf_l.o)
    0x080001d4   0x080001d4   0x00000006   Code   RO          860    .ARM.Collect$$_printf_percent$$00000013  c_w.l(_printf_c.o)
    0x080001da   0x080001da   0x00000006   Code   RO          861    .ARM.Collect$$_printf_percent$$00000014  c_w.l(_printf_s.o)
    0x080001e0   0x080001e0   0x00000006   Code   RO          879    .ARM.Collect$$_printf_percent$$00000015  c_w.l(_printf_lc.o)
    0x080001e6   0x080001e6   0x00000006   Code   RO          880    .ARM.Collect$$_printf_percent$$00000016  c_w.l(_printf_ls.o)
    0x080001ec   0x080001ec   0x00000004   Code   RO          978    .ARM.Collect$$_printf_percent$$00000017  c_w.l(_printf_percent_end.o)
    0x080001f0   0x080001f0   0x00000002   Code   RO         1022    .ARM.Collect$$libinit$$00000000  c_w.l(libinit.o)
    0x080001f2   0x080001f2   0x00000000   Code   RO          892    .ARM.Collect$$libinit$$00000002  c_w.l(libinit2.o)
    0x080001f2   0x080001f2   0x00000000   Code   RO          894    .ARM.Collect$$libinit$$00000004  c_w.l(libinit2.o)
    0x080001f2   0x080001f2   0x00000000   Code   RO          896    .ARM.Collect$$libinit$$00000006  c_w.l(libinit2.o)
    0x080001f2   0x080001f2   0x00000008   Code   RO          897    .ARM.Collect$$libinit$$00000007  c_w.l(libinit2.o)
    0x080001fa   0x080001fa   0x00000000   Code   RO          899    .ARM.Collect$$libinit$$0000000C  c_w.l(libinit2.o)
    0x080001fa   0x080001fa   0x00000000   Code   RO          901    .ARM.Collect$$libinit$$0000000E  c_w.l(libinit2.o)
    0x080001fa   0x080001fa   0x00000000   Code   RO          903    .ARM.Collect$$libinit$$00000010  c_w.l(libinit2.o)
    0x080001fa   0x080001fa   0x00000006   Code   RO          904    .ARM.Collect$$libinit$$00000011  c_w.l(libinit2.o)
    0x08000200   0x08000200   0x00000000   Code   RO          906    .ARM.Collect$$libinit$$00000013  c_w.l(libinit2.o)
    0x08000200   0x08000200   0x0000000c   Code   RO          907    .ARM.Collect$$libinit$$00000014  c_w.l(libinit2.o)
    0x0800020c   0x0800020c   0x00000000   Code   RO          908    .ARM.Collect$$libinit$$00000015  c_w.l(libinit2.o)
    0x0800020c   0x0800020c   0x00000000   Code   RO          910    .ARM.Collect$$libinit$$00000017  c_w.l(libinit2.o)
    0x0800020c   0x0800020c   0x00000000   Code   RO          912    .ARM.Collect$$libinit$$00000019  c_w.l(libinit2.o)
    0x0800020c   0x0800020c   0x00000000   Code   RO          914    .ARM.Collect$$libinit$$0000001B  c_w.l(libinit2.o)
    0x0800020c   0x0800020c   0x00000000   Code   RO          916    .ARM.Collect$$libinit$$0000001D  c_w.l(libinit2.o)
    0x0800020c   0x0800020c   0x00000000   Code   RO          918    .ARM.Collect$$libinit$$0000001F  c_w.l(libinit2.o)
    0x0800020c   0x0800020c   0x00000000   Code   RO          920    .ARM.Collect$$libinit$$00000021  c_w.l(libinit2.o)
    0x0800020c   0x0800020c   0x00000000   Code   RO          922    .ARM.Collect$$libinit$$00000023  c_w.l(libinit2.o)
    0x0800020c   0x0800020c   0x00000000   Code   RO          924    .ARM.Collect$$libinit$$00000025  c_w.l(libinit2.o)
    0x0800020c   0x0800020c   0x00000000   Code   RO          926    .ARM.Collect$$libinit$$00000027  c_w.l(libinit2.o)
    0x0800020c   0x0800020c   0x00000000   Code   RO          930    .ARM.Collect$$libinit$$0000002E  c_w.l(libinit2.o)
    0x0800020c   0x0800020c   0x00000000   Code   RO          932    .ARM.Collect$$libinit$$00000030  c_w.l(libinit2.o)
    0x0800020c   0x0800020c   0x00000000   Code   RO          934    .ARM.Collect$$libinit$$00000032  c_w.l(libinit2.o)
    0x0800020c   0x0800020c   0x00000000   Code   RO          936    .ARM.Collect$$libinit$$00000034  c_w.l(libinit2.o)
    0x0800020c   0x0800020c   0x00000002   Code   RO          937    .ARM.Collect$$libinit$$00000035  c_w.l(libinit2.o)
    0x0800020e   0x0800020e   0x00000002   Code   RO         1094    .ARM.Collect$$libshutdown$$00000000  c_w.l(libshutdown.o)
    0x08000210   0x08000210   0x00000000   Code   RO         1046    .ARM.Collect$$libshutdown$$00000002  c_w.l(libshutdown2.o)
    0x08000210   0x08000210   0x00000000   Code   RO         1048    .ARM.Collect$$libshutdown$$00000004  c_w.l(libshutdown2.o)
    0x08000210   0x08000210   0x00000000   Code   RO         1051    .ARM.Collect$$libshutdown$$00000007  c_w.l(libshutdown2.o)
    0x08000210   0x08000210   0x00000000   Code   RO         1054    .ARM.Collect$$libshutdown$$0000000A  c_w.l(libshutdown2.o)
    0x08000210   0x08000210   0x00000000   Code   RO         1056    .ARM.Collect$$libshutdown$$0000000C  c_w.l(libshutdown2.o)
    0x08000210   0x08000210   0x00000000   Code   RO         1059    .ARM.Collect$$libshutdown$$0000000F  c_w.l(libshutdown2.o)
    0x08000210   0x08000210   0x00000002   Code   RO         1060    .ARM.Collect$$libshutdown$$00000010  c_w.l(libshutdown2.o)
    0x08000212   0x08000212   0x00000000   Code   RO          768    .ARM.Collect$$rtentry$$00000000  c_w.l(__rtentry.o)
    0x08000212   0x08000212   0x00000000   Code   RO          946    .ARM.Collect$$rtentry$$00000002  c_w.l(__rtentry2.o)
    0x08000212   0x08000212   0x00000006   Code   RO          958    .ARM.Collect$$rtentry$$00000004  c_w.l(__rtentry4.o)
    0x08000218   0x08000218   0x00000000   Code   RO          948    .ARM.Collect$$rtentry$$00000009  c_w.l(__rtentry2.o)
    0x08000218   0x08000218   0x00000004   Code   RO          949    .ARM.Collect$$rtentry$$0000000A  c_w.l(__rtentry2.o)
    0x0800021c   0x0800021c   0x00000000   Code   RO          951    .ARM.Collect$$rtentry$$0000000C  c_w.l(__rtentry2.o)
    0x0800021c   0x0800021c   0x00000008   Code   RO          952    .ARM.Collect$$rtentry$$0000000D  c_w.l(__rtentry2.o)
    0x08000224   0x08000224   0x00000002   Code   RO         1027    .ARM.Collect$$rtexit$$00000000  c_w.l(rtexit.o)
    0x08000226   0x08000226   0x00000000   Code   RO         1066    .ARM.Collect$$rtexit$$00000002  c_w.l(rtexit2.o)
    0x08000226   0x08000226   0x00000004   Code   RO         1067    .ARM.Collect$$rtexit$$00000003  c_w.l(rtexit2.o)
    0x0800022a   0x0800022a   0x00000006   Code   RO         1068    .ARM.Collect$$rtexit$$00000004  c_w.l(rtexit2.o)
    0x08000230   0x08000230   0x00000040   Code   RO            4    .text               startup_stm32f103xb.o
    0x08000270   0x08000270   0x0000005e   Code   RO          687    .text               c_w.l(h1_alloc.o)
    0x080002ce   0x080002ce   0x0000004e   Code   RO          689    .text               c_w.l(h1_free.o)
    0x0800031c   0x0800031c   0x0000003c   Code   RO          745    .text               c_w.l(_vsnprintf.o)
    0x08000358   0x08000358   0x0000002c   Code   RO          747    .text               c_w.l(puts.o)
    0x08000384   0x08000384   0x0000000c   Code   RO          749    .text               c_w.l(strtok.o)
    0x08000390   0x08000390   0x00000058   Code   RO          752    .text               c_w.l(memcmp.o)
    0x080003e8   0x080003e8   0x0000003e   Code   RO          754    .text               c_w.l(strlen.o)
    0x08000426   0x08000426   0x0000008a   Code   RO          756    .text               c_w.l(rt_memcpy_v6.o)
    0x080004b0   0x080004b0   0x00000010   Code   RO          758    .text               c_w.l(aeabi_memset.o)
    0x080004c0   0x080004c0   0x0000004e   Code   RO          760    .text               c_w.l(rt_memclr_w.o)
    0x0800050e   0x0800050e   0x00000006   Code   RO          762    .text               c_w.l(heapauxi.o)
    0x08000514   0x08000514   0x00000008   Code   RO          772    .text               c_w.l(rt_heap_descriptor_intlibspace.o)
    0x0800051c   0x0800051c   0x00000004   Code   RO          774    .text               c_w.l(hguard.o)
    0x08000520   0x08000520   0x0000008a   Code   RO          776    .text               c_w.l(init_alloc.o)
    0x080005aa   0x080005aa   0x0000000e   Code   RO          780    .text               c_w.l(h1_init.o)
    0x080005b8   0x080005b8   0x0000004e   Code   RO          794    .text               c_w.l(_printf_pad.o)
    0x08000606   0x08000606   0x00000024   Code   RO          796    .text               c_w.l(_printf_truncate.o)
    0x0800062a   0x0800062a   0x00000052   Code   RO          798    .text               c_w.l(_printf_str.o)
    0x0800067c   0x0800067c   0x00000078   Code   RO          800    .text               c_w.l(_printf_dec.o)
    0x080006f4   0x080006f4   0x00000028   Code   RO          802    .text               c_w.l(_printf_charcount.o)
    0x0800071c   0x0800071c   0x00000030   Code   RO          804    .text               c_w.l(_printf_char_common.o)
    0x0800074c   0x0800074c   0x00000010   Code   RO          806    .text               c_w.l(_snputc.o)
    0x0800075c   0x0800075c   0x000000bc   Code   RO          808    .text               c_w.l(_printf_wctomb.o)
    0x08000818   0x08000818   0x0000007c   Code   RO          811    .text               c_w.l(_printf_longlong_dec.o)
    0x08000894   0x08000894   0x00000070   Code   RO          817    .text               c_w.l(_printf_oct_int_ll.o)
    0x08000904   0x08000904   0x00000094   Code   RO          837    .text               c_w.l(_printf_hex_int_ll_ptr.o)
    0x08000998   0x08000998   0x00000188   Code   RO          857    .text               c_w.l(__printf_flags_ss_wp.o)
    0x08000b20   0x08000b20   0x00000044   Code   RO          883    .text               c_w.l(strtok_int.o)
    0x08000b64   0x08000b64   0x00000064   Code   RO          885    .text               c_w.l(rt_memcpy_w.o)
    0x08000bc8   0x08000bc8   0x00000044   Code   RO          887    .text               c_w.l(rt_memclr.o)
    0x08000c0c   0x08000c0c   0x00000008   Code   RO          942    .text               c_w.l(libspace.o)
    0x08000c14   0x08000c14   0x00000000   Code   RO          962    .text               c_w.l(maybetermalloc1.o)
    0x08000c14   0x08000c14   0x00000034   Code   RO          964    .text               c_w.l(h1_extend.o)
    0x08000c48   0x08000c48   0x0000008a   Code   RO          968    .text               c_w.l(lludiv10.o)
    0x08000cd2   0x08000cd2   0x000000b2   Code   RO          970    .text               c_w.l(_printf_intcommon.o)
    0x08000d84   0x08000d84   0x0000002c   Code   RO          974    .text               c_w.l(_printf_char.o)
    0x08000db0   0x08000db0   0x0000002c   Code   RO          976    .text               c_w.l(_printf_wchar.o)
    0x08000ddc   0x08000ddc   0x00000048   Code   RO          979    .text               c_w.l(_c16rtomb.o)
    0x08000e24   0x08000e24   0x0000000e   Code   RO          981    .text               c_w.l(defsig_rtmem_outer.o)
    0x08000e32   0x08000e32   0x00000020   Code   RO          985    .text               c_w.l(strcspn.o)
    0x08000e52   0x08000e52   0x0000001c   Code   RO          987    .text               c_w.l(strspn.o)
    0x08000e6e   0x08000e6e   0x00000002   Code   RO          996    .text               c_w.l(use_no_semi.o)
    0x08000e70   0x08000e70   0x00000000   Code   RO          998    .text               c_w.l(indicate_semi.o)
    0x08000e70   0x08000e70   0x0000004a   Code   RO          999    .text               c_w.l(sys_stackheap_outer.o)
    0x08000eba   0x08000eba   0x00000002   PAD
    0x08000ebc   0x08000ebc   0x00000010   Code   RO         1001    .text               c_w.l(rt_ctype_table.o)
    0x08000ecc   0x08000ecc   0x00000012   Code   RO         1007    .text               c_w.l(exit.o)
    0x08000ede   0x08000ede   0x0000000a   Code   RO         1009    .text               c_w.l(defsig_exit.o)
    0x08000ee8   0x08000ee8   0x00000050   Code   RO         1011    .text               c_w.l(defsig_rtmem_inner.o)
    0x08000f38   0x08000f38   0x0000000c   Code   RO         1023    .text               c_w.l(sys_exit.o)
    0x08000f44   0x08000f44   0x00000008   Code   RO         1032    .text               c_w.l(rt_locale_intlibspace.o)
    0x08000f4c   0x08000f4c   0x00000032   Code   RO         1043    .text               c_w.l(defsig_general.o)
    0x08000f7e   0x08000f7e   0x0000000e   Code   RO         1061    .text               c_w.l(sys_wrch.o)
    0x08000f8c   0x08000f8c   0x00000080   Code   RO         1074    .text               c_w.l(strcmpv7m.o)
    0x0800100c   0x0800100c   0x000001e4   Code   RO          616    .text.At_Init       at.o
    0x080011f0   0x080011f0   0x00000002   Code   RO           93    .text.BusFault_Handler  stm32f1xx_it.o
    0x080011f2   0x080011f2   0x00000002   PAD
    0x080011f4   0x080011f4   0x00000002   Code   RO           99    .text.DebugMon_Handler  stm32f1xx_it.o
    0x080011f6   0x080011f6   0x00000002   PAD
    0x080011f8   0x080011f8   0x0000000a   Code   RO           39    .text.Error_Handler  main.o
    0x08001202   0x08001202   0x00000002   PAD
    0x08001204   0x08001204   0x0000002a   Code   RO           68    .text.Get_UART1_Rx_Len  usart.o
    0x0800122e   0x0800122e   0x00000002   PAD
    0x08001230   0x08001230   0x00000046   Code   RO          402    .text.HAL_DMA_Abort  stm32f1xx_hal_dma.o
    0x08001276   0x08001276   0x00000002   PAD
    0x08001278   0x08001278   0x000000b2   Code   RO          404    .text.HAL_DMA_Abort_IT  stm32f1xx_hal_dma.o
    0x0800132a   0x0800132a   0x00000002   PAD
    0x0800132c   0x0800132c   0x0000021a   Code   RO          370    .text.HAL_GPIO_Init  stm32f1xx_hal_gpio.o
    0x08001546   0x08001546   0x00000002   PAD
    0x08001548   0x08001548   0x0000000a   Code   RO          376    .text.HAL_GPIO_WritePin  stm32f1xx_hal_gpio.o
    0x08001552   0x08001552   0x00000002   PAD
    0x08001554   0x08001554   0x0000000c   Code   RO          270    .text.HAL_GetTick   stm32f1xx_hal.o
    0x08001560   0x08001560   0x0000001a   Code   RO          268    .text.HAL_IncTick   stm32f1xx_hal.o
    0x0800157a   0x0800157a   0x00000002   PAD
    0x0800157c   0x0800157c   0x00000026   Code   RO          258    .text.HAL_Init      stm32f1xx_hal.o
    0x080015a2   0x080015a2   0x00000002   PAD
    0x080015a4   0x080015a4   0x00000048   Code   RO          260    .text.HAL_InitTick  stm32f1xx_hal.o
    0x080015ec   0x080015ec   0x00000036   Code   RO          114    .text.HAL_MspInit   stm32f1xx_hal_msp.o
    0x08001622   0x08001622   0x00000002   PAD
    0x08001624   0x08001624   0x00000026   Code   RO          430    .text.HAL_NVIC_EnableIRQ  stm32f1xx_hal_cortex.o
    0x0800164a   0x0800164a   0x00000002   PAD
    0x0800164c   0x0800164c   0x00000056   Code   RO          428    .text.HAL_NVIC_SetPriority  stm32f1xx_hal_cortex.o
    0x080016a2   0x080016a2   0x00000002   PAD
    0x080016a4   0x080016a4   0x00000020   Code   RO          426    .text.HAL_NVIC_SetPriorityGrouping  stm32f1xx_hal_cortex.o
    0x080016c4   0x080016c4   0x000001be   Code   RO          322    .text.HAL_RCC_ClockConfig  stm32f1xx_hal_rcc.o
    0x08001882   0x08001882   0x00000002   PAD
    0x08001884   0x08001884   0x00000026   Code   RO          334    .text.HAL_RCC_GetPCLK1Freq  stm32f1xx_hal_rcc.o
    0x080018aa   0x080018aa   0x00000002   PAD
    0x080018ac   0x080018ac   0x00000026   Code   RO          336    .text.HAL_RCC_GetPCLK2Freq  stm32f1xx_hal_rcc.o
    0x080018d2   0x080018d2   0x00000002   PAD
    0x080018d4   0x080018d4   0x000003b4   Code   RO          320    .text.HAL_RCC_OscConfig  stm32f1xx_hal_rcc.o
    0x08001c88   0x08001c88   0x0000002c   Code   RO          438    .text.HAL_SYSTICK_Config  stm32f1xx_hal_cortex.o
    0x08001cb4   0x08001cb4   0x00000002   Code   RO          222    .text.HAL_UARTEx_RxEventCallback  stm32f1xx_hal_uart.o
    0x08001cb6   0x08001cb6   0x00000002   PAD
    0x08001cb8   0x08001cb8   0x00000002   Code   RO          220    .text.HAL_UART_ErrorCallback  stm32f1xx_hal_uart.o
    0x08001cba   0x08001cba   0x00000002   PAD
    0x08001cbc   0x08001cbc   0x00000560   Code   RO          214    .text.HAL_UART_IRQHandler  stm32f1xx_hal_uart.o
    0x0800221c   0x0800221c   0x000000e2   Code   RO          138    .text.HAL_UART_Init  stm32f1xx_hal_uart.o
    0x080022fe   0x080022fe   0x00000002   PAD
    0x08002300   0x08002300   0x0000008a   Code   RO           64    .text.HAL_UART_MspInit  usart.o
    0x0800238a   0x0800238a   0x00000002   PAD
    0x0800238c   0x0800238c   0x00000052   Code   RO          158    .text.HAL_UART_Receive_IT  stm32f1xx_hal_uart.o
    0x080023de   0x080023de   0x00000002   PAD
    0x080023e0   0x080023e0   0x00000070   Code   RO           74    .text.HAL_UART_RxCpltCallback  usart.o
    0x08002450   0x08002450   0x00000278   Code   RO          152    .text.HAL_UART_Transmit  stm32f1xx_hal_uart.o
    0x080026c8   0x080026c8   0x00000002   Code   RO          224    .text.HAL_UART_TxCpltCallback  stm32f1xx_hal_uart.o
    0x080026ca   0x080026ca   0x00000002   PAD
    0x080026cc   0x080026cc   0x00000016   Code   RO           89    .text.HardFault_Handler  stm32f1xx_it.o
    0x080026e2   0x080026e2   0x00000002   PAD
    0x080026e4   0x080026e4   0x000000ac   Code   RO           49    .text.MX_GPIO_Init  gpio.o
    0x08002790   0x08002790   0x0000004a   Code   RO           62    .text.MX_USART1_UART_Init  usart.o
    0x080027da   0x080027da   0x00000002   PAD
    0x080027dc   0x080027dc   0x00000002   Code   RO           91    .text.MemManage_Handler  stm32f1xx_it.o
    0x080027de   0x080027de   0x00000002   PAD
    0x080027e0   0x080027e0   0x00000002   Code   RO           87    .text.NMI_Handler   stm32f1xx_it.o
    0x080027e2   0x080027e2   0x00000002   PAD
    0x080027e4   0x080027e4   0x00000002   Code   RO          101    .text.PendSV_Handler  stm32f1xx_it.o
    0x080027e6   0x080027e6   0x00000002   PAD
    0x080027e8   0x080027e8   0x00000056   Code   RO           72    .text.Read_UART1_Rx  usart.o
    0x0800283e   0x0800283e   0x00000002   PAD
    0x08002840   0x08002840   0x00000002   Code   RO           97    .text.SVC_Handler   stm32f1xx_it.o
    0x08002842   0x08002842   0x00000002   PAD
    0x08002844   0x08002844   0x00000052   Code   RO          670    .text.Stream_Init   at_stream_device.o
    0x08002896   0x08002896   0x00000002   PAD
    0x08002898   0x08002898   0x00000004   Code   RO          103    .text.SysTick_Handler  stm32f1xx_it.o
    0x0800289c   0x0800289c   0x00000002   Code   RO          591    .text.SystemInit    system_stm32f1xx.o
    0x0800289e   0x0800289e   0x00000002   PAD
    0x080028a0   0x080028a0   0x0000000c   Code   RO          218    .text.UART_DMAAbortOnError  stm32f1xx_hal_uart.o
    0x080028ac   0x080028ac   0x000000fe   Code   RO          216    .text.UART_Receive_IT  stm32f1xx_hal_uart.o
    0x080029aa   0x080029aa   0x00000002   PAD
    0x080029ac   0x080029ac   0x0000000c   Code   RO          105    .text.USART1_IRQHandler  stm32f1xx_it.o
    0x080029b8   0x080029b8   0x00000002   Code   RO           95    .text.UsageFault_Handler  stm32f1xx_it.o
    0x080029ba   0x080029ba   0x00000002   PAD
    0x080029bc   0x080029bc   0x0000008a   Code   RO          634    .text._at_printf    at.o
    0x08002a46   0x08002a46   0x00000002   PAD
    0x08002a48   0x08002a48   0x0000001c   Code   RO           19    .text._at_user_AT   at_user.o
    0x08002a64   0x08002a64   0x0000002c   Code   RO           21    .text._at_user_AT_List  at_user.o
    0x08002a90   0x08002a90   0x0000000e   Code   RO           13    .text._at_user_sdev_available  at_user.o
    0x08002a9e   0x08002a9e   0x00000002   PAD
    0x08002aa0   0x08002aa0   0x00000036   Code   RO           11    .text._at_user_sdev_print  at_user.o
    0x08002ad6   0x08002ad6   0x00000002   PAD
    0x08002ad8   0x08002ad8   0x0000000e   Code   RO           15    .text._at_user_sdev_read  at_user.o
    0x08002ae6   0x08002ae6   0x00000002   PAD
    0x08002ae8   0x08002ae8   0x0000007e   Code   RO          620    .text._checkString  at.o
    0x08002b66   0x08002b66   0x00000002   PAD
    0x08002b68   0x08002b68   0x0000018e   Code   RO          618    .text._cutString    at.o
    0x08002cf6   0x08002cf6   0x00000002   PAD
    0x08002cf8   0x08002cf8   0x00000180   Code   RO          630    .text._errorToString  at.o
    0x08002e78   0x08002e78   0x0000000c   Code   RO          622    .text._getParamMaxNum  at.o
    0x08002e84   0x08002e84   0x0000000a   Code   RO          624    .text._getStateTable  at.o
    0x08002e8e   0x08002e8e   0x00000002   PAD
    0x08002e90   0x08002e90   0x000000ae   Code   RO          632    .text._handle       at.o
    0x08002f3e   0x08002f3e   0x00000002   PAD
    0x08002f40   0x08002f40   0x0000005a   Code   RO          606    .text._handleAuto   at.o
    0x08002f9a   0x08002f9a   0x00000002   PAD
    0x08002f9c   0x08002f9c   0x0000001a   Code   RO          636    .text._print        at.o
    0x08002fb6   0x08002fb6   0x00000002   PAD
    0x08002fb8   0x08002fb8   0x000000e8   Code   RO          640    .text._printSet     at.o
    0x080030a0   0x080030a0   0x0000002c   Code   RO          638    .text._println      at.o
    0x080030cc   0x080030cc   0x00000018   Code   RO          608    .text._sendInfor    at.o
    0x080030e4   0x080030e4   0x00000012   Code   RO          626    .text._setInputDevice  at.o
    0x080030f6   0x080030f6   0x00000002   PAD
    0x080030f8   0x080030f8   0x00000012   Code   RO          628    .text._setOutputDevice  at.o
    0x0800310a   0x0800310a   0x00000002   PAD
    0x0800310c   0x0800310c   0x00000004   Code   RO          654    .text.at_free       at_mem.o
    0x08003110   0x08003110   0x00000004   Code   RO          652    .text.at_malloc     at_mem.o
    0x08003114   0x08003114   0x00000004   Code   RO          658    .text.at_memcmp     at_mem.o
    0x08003118   0x08003118   0x0000000c   Code   RO          660    .text.at_memcpy     at_mem.o
    0x08003124   0x08003124   0x00000012   Code   RO          656    .text.at_memset     at_mem.o
    0x08003136   0x08003136   0x00000002   PAD
    0x08003138   0x08003138   0x00000066   Code   RO           17    .text.at_user_init  at_user.o
    0x0800319e   0x0800319e   0x00000002   PAD
    0x080031a0   0x080031a0   0x00000028   Code   RO           60    .text.fputc         usart.o
    0x080031c8   0x080031c8   0x000000e8   Code   RO           35    .text.main          main.o
    0x080032b0   0x080032b0   0x0000000e   Code   RO          850    i._is_digit         c_w.l(__printf_wp.o)
    0x080032be   0x080032be   0x00000002   PAD
    0x080032c0   0x080032c0   0x0000002c   Code   RO         1039    locale$$code        c_w.l(lc_ctype_c.o)
    0x080032ec   0x080032ec   0x00000008   Data   RO          809    .constdata          c_w.l(_printf_wctomb.o)
    0x080032f4   0x080032f4   0x00000028   Data   RO          838    .constdata          c_w.l(_printf_hex_int_ll_ptr.o)
    0x0800331c   0x0800331c   0x00000011   Data   RO          858    .constdata          c_w.l(__printf_flags_ss_wp.o)
    0x0800332d   0x0800332d   0x00000010   Data   RO          596    .rodata.AHBPrescTable  system_stm32f1xx.o
    0x0800333d   0x0800333d   0x00000008   Data   RO          597    .rodata.APBPrescTable  system_stm32f1xx.o
    0x08003345   0x08003345   0x00000002   Data   RO          347    .rodata.HAL_RCC_GetSysClockFreq.aPredivFactorTable  stm32f1xx_hal_rcc.o
    0x08003347   0x08003347   0x00000010   Data   RO          346    .rodata.cst16       stm32f1xx_hal_rcc.o
    0x08003357   0x08003357   0x0000000c   Data   RO           25    .rodata.str1.1      at_user.o
    0x08003363   0x08003363   0x00000020   Data   RO          642    .rodata.str1.1      at.o
    0x08003383   0x08003383   0x00000001   PAD
    0x08003384   0x08003384   0x00000020   Data   RO         1096    Region$$Table       anon$$obj.o
    0x080033a4   0x080033a4   0x00000110   Data   RO         1038    locale$$data        c_w.l(lc_ctype_c.o)


    Execution Region RW_IRAM1 (Exec base: 0x20000000, Load base: 0x080034b8, Size: 0x00000970, Max: 0x00005000, ABSOLUTE)

    Exec Addr    Load Addr    Size         Type   Attr      Idx    E Section Name        Object

    0x20000000   0x080034b8   0x00000004   Data   RW          750    .data               c_w.l(strtok.o)
    0x20000004   0x080034bc   0x00000008   Data   RW          309    .data..L_MergedGlobals  stm32f1xx_hal.o
    0x2000000c   0x080034c4   0x00000004   Data   RW          595    .data.SystemCoreClock  system_stm32f1xx.o
    0x20000010   0x080034c8   0x00000024   Data   RW           23    .data._atTable      at_user.o
    0x20000034   0x080034ec   0x00000004   PAD
    0x20000038        -       0x00000060   Zero   RW          943    .bss                c_w.l(libspace.o)
    0x20000098        -       0x00000068   Zero   RW           26    .bss..L_MergedGlobals  at_user.o
    0x20000100        -       0x00000054   Zero   RW           78    .bss..L_MergedGlobals  usart.o
    0x20000154        -       0x000000c8   Zero   RW           76    .bss.UART1_Rx_Buff  usart.o
    0x2000021c        -       0x00000054   Zero   RW           77    .bss.__stdout       usart.o
    0x20000270        -       0x00000032   Zero   RW          643    .bss._errorToString.error_str  at.o
    0x200002a2        -       0x000000c8   Zero   RW           24    .bss.at_user_readString  at_user.o
    0x2000036a   0x080034ec   0x00000002   PAD
    0x2000036c        -       0x00000004   Zero   RW          308    .bss.uwTick         stm32f1xx_hal.o
    0x20000370        -       0x00000200   Zero   RW            2    HEAP                startup_stm32f103xb.o
    0x20000570        -       0x00000400   Zero   RW            1    STACK               startup_stm32f103xb.o


==============================================================================

Image component sizes


      Code (inc. data)   RO Data    RW Data    ZI Data      Debug   Object Name

      2178        226         32          0         50      14887   at.o
        42          0          0          0          0       1433   at_mem.o
        82          0          0          0          0       2472   at_stream_device.o
       256          4         12         36        304       4479   at_user.o
       172          0          0          0          0       1596   gpio.o
       242         84          0          0          0       2293   main.o
        64         26        236          0       1536        820   startup_stm32f103xb.o
       148          0          0          8          4       5768   stm32f1xx_hal.o
       200          0          0          0          0       8526   stm32f1xx_hal_cortex.o
       248          0          0          0          0       8465   stm32f1xx_hal_dma.o
       548         22          0          0          0       4596   stm32f1xx_hal_gpio.o
        54          0          0          0          0       1112   stm32f1xx_hal_msp.o
      1470          0         18          0          0       7698   stm32f1xx_hal_rcc.o
      2588          0          0          0          0      32357   stm32f1xx_hal_uart.o
        52          0          0          0          0       4098   stm32f1xx_it.o
         2          0         24          4          0       1648   system_stm32f1xx.o
       492          0          0          0        368       7268   usart.o

    ----------------------------------------------------------------------
      8932        362        355         48       2268     109516   Object Totals
         0          0         32          0          0          0   (incl. Generated)
        94          0          1          0          6          0   (incl. Padding)

    ----------------------------------------------------------------------

      Code (inc. data)   RO Data    RW Data    ZI Data      Debug   Library Member Name

         8          0          0          0          0         68   __main.o
       392          4         17          0          0         92   __printf_flags_ss_wp.o
        14          0          0          0          0         68   __printf_wp.o
         0          0          0          0          0          0   __rtentry.o
        12          0          0          0          0          0   __rtentry2.o
         6          0          0          0          0          0   __rtentry4.o
        52          8          0          0          0          0   __scatter.o
        26          0          0          0          0          0   __scatter_copy.o
        28          0          0          0          0          0   __scatter_zi.o
        72          0          0          0          0         96   _c16rtomb.o
         6          0          0          0          0          0   _printf_a.o
         6          0          0          0          0          0   _printf_c.o
        44          0          0          0          0        108   _printf_char.o
        48          6          0          0          0         96   _printf_char_common.o
        40          0          0          0          0         68   _printf_charcount.o
         6          0          0          0          0          0   _printf_d.o
       120         16          0          0          0         92   _printf_dec.o
         6          0          0          0          0          0   _printf_e.o
         6          0          0          0          0          0   _printf_f.o
         6          0          0          0          0          0   _printf_g.o
       148          4         40          0          0        160   _printf_hex_int_ll_ptr.o
         6          0          0          0          0          0   _printf_i.o
       178          0          0          0          0         88   _printf_intcommon.o
        10          0          0          0          0          0   _printf_l.o
         6          0          0          0          0          0   _printf_lc.o
        10          0          0          0          0          0   _printf_ll.o
         6          0          0          0          0          0   _printf_lld.o
         6          0          0          0          0          0   _printf_lli.o
         6          0          0          0          0          0   _printf_llo.o
         6          0          0          0          0          0   _printf_llu.o
         6          0          0          0          0          0   _printf_llx.o
       124         16          0          0          0         92   _printf_longlong_dec.o
         6          0          0          0          0          0   _printf_ls.o
         6          0          0          0          0          0   _printf_n.o
         6          0          0          0          0          0   _printf_o.o
       112          8          0          0          0        124   _printf_oct_int_ll.o
         6          0          0          0          0          0   _printf_p.o
        78          0          0          0          0        108   _printf_pad.o
         0          0          0          0          0          0   _printf_percent.o
         4          0          0          0          0          0   _printf_percent_end.o
         6          0          0          0          0          0   _printf_s.o
        82          0          0          0          0         80   _printf_str.o
        36          0          0          0          0         84   _printf_truncate.o
         6          0          0          0          0          0   _printf_u.o
        44          0          0          0          0        108   _printf_wchar.o
       188          6          8          0          0         92   _printf_wctomb.o
         6          0          0          0          0          0   _printf_x.o
        16          0          0          0          0         68   _snputc.o
        60          4          0          0          0         80   _vsnprintf.o
        16          0          0          0          0         68   aeabi_memset.o
        10          0          0          0          0         68   defsig_exit.o
        50          0          0          0          0         88   defsig_general.o
        80         58          0          0          0         76   defsig_rtmem_inner.o
        14          0          0          0          0         80   defsig_rtmem_outer.o
        18          0          0          0          0         80   exit.o
        94          0          0          0          0         80   h1_alloc.o
        52          0          0          0          0         68   h1_extend.o
        78          0          0          0          0         80   h1_free.o
        14          0          0          0          0         84   h1_init.o
         6          0          0          0          0        152   heapauxi.o
         4          0          0          0          0        136   hguard.o
         0          0          0          0          0          0   indicate_semi.o
       138          0          0          0          0        168   init_alloc.o
        44         10        272          0          0         76   lc_ctype_c.o
         2          0          0          0          0          0   libinit.o
        28          0          0          0          0          0   libinit2.o
         2          0          0          0          0          0   libshutdown.o
         2          0          0          0          0          0   libshutdown2.o
         8          4          0          0         96         68   libspace.o
       138          0          0          0          0         80   lludiv10.o
         0          0          0          0          0          0   maybetermalloc1.o
        88          0          0          0          0         76   memcmp.o
        44          4          0          0          0         84   puts.o
        16          4          0          0          0         76   rt_ctype_table.o
         8          4          0          0          0         68   rt_heap_descriptor_intlibspace.o
         8          4          0          0          0         68   rt_locale_intlibspace.o
        68          0          0          0          0         68   rt_memclr.o
        78          0          0          0          0         80   rt_memclr_w.o
       138          0          0          0          0         68   rt_memcpy_v6.o
       100          0          0          0          0         80   rt_memcpy_w.o
         2          0          0          0          0          0   rtexit.o
        10          0          0          0          0          0   rtexit2.o
       128          0          0          0          0         68   strcmpv7m.o
        32          0          0          0          0         80   strcspn.o
        62          0          0          0          0         76   strlen.o
        28          0          0          0          0         80   strspn.o
        12          6          0          4          0         68   strtok.o
        68          4          0          0          0         84   strtok_int.o
        12          4          0          0          0         68   sys_exit.o
        74          0          0          0          0         80   sys_stackheap_outer.o
        14          0          0          0          0         76   sys_wrch.o
         2          0          0          0          0         68   use_no_semi.o

    ----------------------------------------------------------------------
      3868        174        337          4         96       4640   Library Totals
         6          0          0          0          0          0   (incl. Padding)

    ----------------------------------------------------------------------

      Code (inc. data)   RO Data    RW Data    ZI Data      Debug   Library Name

      3862        174        337          4         96       4640   c_w.l

    ----------------------------------------------------------------------
      3868        174        337          4         96       4640   Library Totals

    ----------------------------------------------------------------------

==============================================================================


      Code (inc. data)   RO Data    RW Data    ZI Data      Debug   

     12800        536        692         52       2364     111252   Grand Totals
     12800        536        692         52       2364     111252   ELF Image Totals
     12800        536        692         52          0          0   ROM Totals

==============================================================================

    Total RO  Size (Code + RO Data)                13492 (  13.18kB)
    Total RW  Size (RW Data + ZI Data)              2416 (   2.36kB)
    Total ROM Size (Code + RO Data + RW Data)      13544 (  13.23kB)

==============================================================================

